Archive member included to satisfy reference by file (symbol)

c:/program files (x86)/atmel/studio/7.0/toolchain/avr8/avr8-gnu-toolchain/bin/../lib/gcc/avr/5.4.0/../../../../avr/lib/avr5\libm.a(addsf3.o)
                              MCAL/PWM/src/PWM_program.o (__subsf3)
c:/program files (x86)/atmel/studio/7.0/toolchain/avr8/avr8-gnu-toolchain/bin/../lib/gcc/avr/5.4.0/../../../../avr/lib/avr5\libm.a(addsf3x.o)
                              c:/program files (x86)/atmel/studio/7.0/toolchain/avr8/avr8-gnu-toolchain/bin/../lib/gcc/avr/5.4.0/../../../../avr/lib/avr5\libm.a(addsf3.o) (__addsf3x)
c:/program files (x86)/atmel/studio/7.0/toolchain/avr8/avr8-gnu-toolchain/bin/../lib/gcc/avr/5.4.0/../../../../avr/lib/avr5\libm.a(cmpsf2.o)
                              MCAL/PWM/src/PWM_program.o (__lesf2)
c:/program files (x86)/atmel/studio/7.0/toolchain/avr8/avr8-gnu-toolchain/bin/../lib/gcc/avr/5.4.0/../../../../avr/lib/avr5\libm.a(divsf3.o)
                              HAL/SERVO/src/SERVO_program.o (__divsf3)
c:/program files (x86)/atmel/studio/7.0/toolchain/avr8/avr8-gnu-toolchain/bin/../lib/gcc/avr/5.4.0/../../../../avr/lib/avr5\libm.a(divsf3x.o)
                              c:/program files (x86)/atmel/studio/7.0/toolchain/avr8/avr8-gnu-toolchain/bin/../lib/gcc/avr/5.4.0/../../../../avr/lib/avr5\libm.a(divsf3.o) (__divsf3x)
c:/program files (x86)/atmel/studio/7.0/toolchain/avr8/avr8-gnu-toolchain/bin/../lib/gcc/avr/5.4.0/../../../../avr/lib/avr5\libm.a(fixunssfsi.o)
                              MCAL/PWM/src/PWM_program.o (__fixunssfsi)
c:/program files (x86)/atmel/studio/7.0/toolchain/avr8/avr8-gnu-toolchain/bin/../lib/gcc/avr/5.4.0/../../../../avr/lib/avr5\libm.a(floatsisf.o)
                              MCAL/PWM/src/PWM_program.o (__floatunsisf)
c:/program files (x86)/atmel/studio/7.0/toolchain/avr8/avr8-gnu-toolchain/bin/../lib/gcc/avr/5.4.0/../../../../avr/lib/avr5\libm.a(fp_cmp.o)
                              c:/program files (x86)/atmel/studio/7.0/toolchain/avr8/avr8-gnu-toolchain/bin/../lib/gcc/avr/5.4.0/../../../../avr/lib/avr5\libm.a(cmpsf2.o) (__fp_cmp)
c:/program files (x86)/atmel/studio/7.0/toolchain/avr8/avr8-gnu-toolchain/bin/../lib/gcc/avr/5.4.0/../../../../avr/lib/avr5\libm.a(fp_inf.o)
                              c:/program files (x86)/atmel/studio/7.0/toolchain/avr8/avr8-gnu-toolchain/bin/../lib/gcc/avr/5.4.0/../../../../avr/lib/avr5\libm.a(addsf3x.o) (__fp_inf)
c:/program files (x86)/atmel/studio/7.0/toolchain/avr8/avr8-gnu-toolchain/bin/../lib/gcc/avr/5.4.0/../../../../avr/lib/avr5\libm.a(fp_nan.o)
                              c:/program files (x86)/atmel/studio/7.0/toolchain/avr8/avr8-gnu-toolchain/bin/../lib/gcc/avr/5.4.0/../../../../avr/lib/avr5\libm.a(addsf3x.o) (__fp_nan)
c:/program files (x86)/atmel/studio/7.0/toolchain/avr8/avr8-gnu-toolchain/bin/../lib/gcc/avr/5.4.0/../../../../avr/lib/avr5\libm.a(fp_pscA.o)
                              c:/program files (x86)/atmel/studio/7.0/toolchain/avr8/avr8-gnu-toolchain/bin/../lib/gcc/avr/5.4.0/../../../../avr/lib/avr5\libm.a(addsf3x.o) (__fp_pscA)
c:/program files (x86)/atmel/studio/7.0/toolchain/avr8/avr8-gnu-toolchain/bin/../lib/gcc/avr/5.4.0/../../../../avr/lib/avr5\libm.a(fp_pscB.o)
                              c:/program files (x86)/atmel/studio/7.0/toolchain/avr8/avr8-gnu-toolchain/bin/../lib/gcc/avr/5.4.0/../../../../avr/lib/avr5\libm.a(addsf3x.o) (__fp_pscB)
c:/program files (x86)/atmel/studio/7.0/toolchain/avr8/avr8-gnu-toolchain/bin/../lib/gcc/avr/5.4.0/../../../../avr/lib/avr5\libm.a(fp_round.o)
                              c:/program files (x86)/atmel/studio/7.0/toolchain/avr8/avr8-gnu-toolchain/bin/../lib/gcc/avr/5.4.0/../../../../avr/lib/avr5\libm.a(addsf3.o) (__fp_round)
c:/program files (x86)/atmel/studio/7.0/toolchain/avr8/avr8-gnu-toolchain/bin/../lib/gcc/avr/5.4.0/../../../../avr/lib/avr5\libm.a(fp_split3.o)
                              c:/program files (x86)/atmel/studio/7.0/toolchain/avr8/avr8-gnu-toolchain/bin/../lib/gcc/avr/5.4.0/../../../../avr/lib/avr5\libm.a(addsf3x.o) (__fp_split3)
c:/program files (x86)/atmel/studio/7.0/toolchain/avr8/avr8-gnu-toolchain/bin/../lib/gcc/avr/5.4.0/../../../../avr/lib/avr5\libm.a(fp_zero.o)
                              c:/program files (x86)/atmel/studio/7.0/toolchain/avr8/avr8-gnu-toolchain/bin/../lib/gcc/avr/5.4.0/../../../../avr/lib/avr5\libm.a(addsf3x.o) (__fp_zero)
c:/program files (x86)/atmel/studio/7.0/toolchain/avr8/avr8-gnu-toolchain/bin/../lib/gcc/avr/5.4.0/../../../../avr/lib/avr5\libm.a(mulsf3.o)
                              HAL/SERVO/src/SERVO_program.o (__mulsf3)
c:/program files (x86)/atmel/studio/7.0/toolchain/avr8/avr8-gnu-toolchain/bin/../lib/gcc/avr/5.4.0/../../../../avr/lib/avr5\libm.a(mulsf3x.o)
                              c:/program files (x86)/atmel/studio/7.0/toolchain/avr8/avr8-gnu-toolchain/bin/../lib/gcc/avr/5.4.0/../../../../avr/lib/avr5\libm.a(mulsf3.o) (__mulsf3x)
c:/program files (x86)/atmel/studio/7.0/toolchain/avr8/avr8-gnu-toolchain/bin/../lib/gcc/avr/5.4.0/avr5\libgcc.a(_divmodhi4.o)
                              MCAL/PWM/src/PWM_program.o (__divmodhi4)
c:/program files (x86)/atmel/studio/7.0/toolchain/avr8/avr8-gnu-toolchain/bin/../lib/gcc/avr/5.4.0/avr5\libgcc.a(_udivmodsi4.o)
                              HAL/LCD/src/LCD_PROGRAM.o (__udivmodsi4)
c:/program files (x86)/atmel/studio/7.0/toolchain/avr8/avr8-gnu-toolchain/bin/../lib/gcc/avr/5.4.0/avr5\libgcc.a(_exit.o)
                              C:/Program Files (x86)/Atmel/Studio/7.0/Packs/atmel/ATmega_DFP/1.7.374/gcc/dev/atmega32/avr5/crtatmega32.o (exit)
c:/program files (x86)/atmel/studio/7.0/toolchain/avr8/avr8-gnu-toolchain/bin/../lib/gcc/avr/5.4.0/avr5\libgcc.a(_copy_data.o)
                              APP/src/SmartHome_Prog.o (__do_copy_data)
c:/program files (x86)/atmel/studio/7.0/toolchain/avr8/avr8-gnu-toolchain/bin/../lib/gcc/avr/5.4.0/avr5\libgcc.a(_clear_bss.o)
                              APP/src/SmartHome_Prog.o (__do_clear_bss)
c:/program files (x86)/atmel/studio/7.0/toolchain/avr8/avr8-gnu-toolchain/bin/../lib/gcc/avr/5.4.0/avr5\libgcc.a(_udivmodhi4.o)
                              c:/program files (x86)/atmel/studio/7.0/toolchain/avr8/avr8-gnu-toolchain/bin/../lib/gcc/avr/5.4.0/avr5\libgcc.a(_divmodhi4.o) (__udivmodhi4)

Discarded input sections

 .data          0x00000000        0x0 C:/Program Files (x86)/Atmel/Studio/7.0/Packs/atmel/ATmega_DFP/1.7.374/gcc/dev/atmega32/avr5/crtatmega32.o
 .bss           0x00000000        0x0 C:/Program Files (x86)/Atmel/Studio/7.0/Packs/atmel/ATmega_DFP/1.7.374/gcc/dev/atmega32/avr5/crtatmega32.o
 .text          0x00000000        0x0 APP/src/SmartHome_Prog.o
 .data          0x00000000        0x0 APP/src/SmartHome_Prog.o
 .bss           0x00000000        0x0 APP/src/SmartHome_Prog.o
 .text.HOME_voidLocalGetUserAndPass
                0x00000000       0xe2 APP/src/SmartHome_Prog.o
 .text.HOME_voidRemoteGetUserAndPass
                0x00000000       0xc4 APP/src/SmartHome_Prog.o
 .text.HOME_voidCheckUserAndPass
                0x00000000      0x3be APP/src/SmartHome_Prog.o
 .text          0x00000000        0x0 HAL/BL/src/BL_program.o
 .data          0x00000000        0x0 HAL/BL/src/BL_program.o
 .bss           0x00000000        0x0 HAL/BL/src/BL_program.o
 .text.BL_voidTxChar
                0x00000000        0x6 HAL/BL/src/BL_program.o
 .text.BL_voidRxChar
                0x00000000        0x6 HAL/BL/src/BL_program.o
 .text.BL_voidTxString
                0x00000000        0x6 HAL/BL/src/BL_program.o
 .text.BL_voidRxString
                0x00000000        0x6 HAL/BL/src/BL_program.o
 .text          0x00000000        0x0 HAL/BUZZER/src/BUZZER_program.o
 .data          0x00000000        0x0 HAL/BUZZER/src/BUZZER_program.o
 .bss           0x00000000        0x0 HAL/BUZZER/src/BUZZER_program.o
 .text.BUZZER_voidInit
                0x00000000        0x8 HAL/BUZZER/src/BUZZER_program.o
 .text.BUZZER_voidOn
                0x00000000        0x8 HAL/BUZZER/src/BUZZER_program.o
 .text.BUZZER_voidOff
                0x00000000        0x8 HAL/BUZZER/src/BUZZER_program.o
 .text.BUZZER_voidToggle
                0x00000000        0x6 HAL/BUZZER/src/BUZZER_program.o
 .debug_info    0x00000000      0x1e6 HAL/BUZZER/src/BUZZER_program.o
 .debug_abbrev  0x00000000       0x80 HAL/BUZZER/src/BUZZER_program.o
 .debug_loc     0x00000000      0x108 HAL/BUZZER/src/BUZZER_program.o
 .debug_aranges
                0x00000000       0x38 HAL/BUZZER/src/BUZZER_program.o
 .debug_ranges  0x00000000       0x28 HAL/BUZZER/src/BUZZER_program.o
 .debug_line    0x00000000       0xd8 HAL/BUZZER/src/BUZZER_program.o
 .debug_str     0x00000000      0x227 HAL/BUZZER/src/BUZZER_program.o
 .comment       0x00000000       0x31 HAL/BUZZER/src/BUZZER_program.o
 .debug_frame   0x00000000       0x54 HAL/BUZZER/src/BUZZER_program.o
 .text          0x00000000        0x0 HAL/EEPROM/src/EEPROM_program.o
 .data          0x00000000        0x0 HAL/EEPROM/src/EEPROM_program.o
 .bss           0x00000000        0x0 HAL/EEPROM/src/EEPROM_program.o
 .text.EEPROM_voidWriteByte
                0x00000000       0x3c HAL/EEPROM/src/EEPROM_program.o
 .text.EEPROM_voidReadByte
                0x00000000       0x50 HAL/EEPROM/src/EEPROM_program.o
 .text.EEPROM_voidSequentialRead
                0x00000000       0x80 HAL/EEPROM/src/EEPROM_program.o
 .text          0x00000000        0x0 HAL/KPD/src/KeyPad_program.o
 .data          0x00000000        0x0 HAL/KPD/src/KeyPad_program.o
 .bss           0x00000000        0x0 HAL/KPD/src/KeyPad_program.o
 .text          0x00000000        0x0 HAL/LCD/src/LCD_PROGRAM.o
 .data          0x00000000        0x0 HAL/LCD/src/LCD_PROGRAM.o
 .bss           0x00000000        0x0 HAL/LCD/src/LCD_PROGRAM.o
 .text.LCD_voidShiftCursor
                0x00000000       0x6c HAL/LCD/src/LCD_PROGRAM.o
 .text.LCD_voidShiftDisplay
                0x00000000       0x6c HAL/LCD/src/LCD_PROGRAM.o
 .text.LCD_voidPwdEffect
                0x00000000       0x20 HAL/LCD/src/LCD_PROGRAM.o
 .text          0x00000000        0x0 HAL/LED/src/LED_program.o
 .data          0x00000000        0x0 HAL/LED/src/LED_program.o
 .bss           0x00000000        0x0 HAL/LED/src/LED_program.o
 .text.LED_voidToggle
                0x00000000        0x6 HAL/LED/src/LED_program.o
 .text          0x00000000        0x0 HAL/SERVO/src/SERVO_program.o
 .data          0x00000000        0x0 HAL/SERVO/src/SERVO_program.o
 .bss           0x00000000        0x0 HAL/SERVO/src/SERVO_program.o
 .text          0x00000000        0x0 main.o
 .data          0x00000000        0x0 main.o
 .bss           0x00000000        0x0 main.o
 .text          0x00000000        0x0 MCAL/ADC/src/ADC_program.o
 .data          0x00000000        0x0 MCAL/ADC/src/ADC_program.o
 .bss           0x00000000        0x0 MCAL/ADC/src/ADC_program.o
 .text          0x00000000        0x0 MCAL/DIO/src/DIO_program.o
 .data          0x00000000        0x0 MCAL/DIO/src/DIO_program.o
 .bss           0x00000000        0x0 MCAL/DIO/src/DIO_program.o
 .text.DIO_voidTogglePinValue
                0x00000000       0x70 MCAL/DIO/src/DIO_program.o
 .text          0x00000000        0x0 MCAL/GI/src/GI_program.o
 .data          0x00000000        0x0 MCAL/GI/src/GI_program.o
 .bss           0x00000000        0x0 MCAL/GI/src/GI_program.o
 .text.GI_voidDisable
                0x00000000        0x8 MCAL/GI/src/GI_program.o
 .text          0x00000000        0x0 MCAL/PWM/src/PWM_program.o
 .data          0x00000000        0x0 MCAL/PWM/src/PWM_program.o
 .bss           0x00000000        0x0 MCAL/PWM/src/PWM_program.o
 .text.PWM_voidInitChannel_0
                0x00000000       0x1a MCAL/PWM/src/PWM_program.o
 .text.PWM_voidGenerateChannel_0
                0x00000000       0x28 MCAL/PWM/src/PWM_program.o
 .text          0x00000000        0x0 MCAL/TMR0/src/TMR0_program.o
 .data          0x00000000        0x0 MCAL/TMR0/src/TMR0_program.o
 .bss           0x00000000        0x0 MCAL/TMR0/src/TMR0_program.o
 .text.TMR0_SetCallBackOVF
                0x00000000        0xe MCAL/TMR0/src/TMR0_program.o
 .text          0x00000000        0x0 MCAL/TWI/src/TWI_program.o
 .data          0x00000000        0x0 MCAL/TWI/src/TWI_program.o
 .bss           0x00000000        0x0 MCAL/TWI/src/TWI_program.o
 .text.TWI_voidSendRepeatedStartCondition
                0x00000000       0x1c MCAL/TWI/src/TWI_program.o
 .text.TWI_voidSendSlaveAddWithRead
                0x00000000       0x2a MCAL/TWI/src/TWI_program.o
 .text.TWI_voidRecieveMasterDataByteWithAch
                0x00000000       0x2c MCAL/TWI/src/TWI_program.o
 .text.TWI_voidRecieveMasterDataByteWithNAch
                0x00000000       0x20 MCAL/TWI/src/TWI_program.o
 .text          0x00000000        0x0 MCAL/UART/src/UART_program.o
 .data          0x00000000        0x0 MCAL/UART/src/UART_program.o
 .bss           0x00000000        0x0 MCAL/UART/src/UART_program.o
 .text.UART_voidTxChar
                0x00000000        0x8 MCAL/UART/src/UART_program.o
 .text.UART_voidRxChar
                0x00000000       0x10 MCAL/UART/src/UART_program.o
 .text.UART_voidTxString
                0x00000000       0x2c MCAL/UART/src/UART_program.o
 .text.UART_voidRxString
                0x00000000       0x36 MCAL/UART/src/UART_program.o
 .text          0x00000000        0x0 c:/program files (x86)/atmel/studio/7.0/toolchain/avr8/avr8-gnu-toolchain/bin/../lib/gcc/avr/5.4.0/../../../../avr/lib/avr5\libm.a(addsf3.o)
 .data          0x00000000        0x0 c:/program files (x86)/atmel/studio/7.0/toolchain/avr8/avr8-gnu-toolchain/bin/../lib/gcc/avr/5.4.0/../../../../avr/lib/avr5\libm.a(addsf3.o)
 .bss           0x00000000        0x0 c:/program files (x86)/atmel/studio/7.0/toolchain/avr8/avr8-gnu-toolchain/bin/../lib/gcc/avr/5.4.0/../../../../avr/lib/avr5\libm.a(addsf3.o)
 .text          0x00000000        0x0 c:/program files (x86)/atmel/studio/7.0/toolchain/avr8/avr8-gnu-toolchain/bin/../lib/gcc/avr/5.4.0/../../../../avr/lib/avr5\libm.a(addsf3x.o)
 .data          0x00000000        0x0 c:/program files (x86)/atmel/studio/7.0/toolchain/avr8/avr8-gnu-toolchain/bin/../lib/gcc/avr/5.4.0/../../../../avr/lib/avr5\libm.a(addsf3x.o)
 .bss           0x00000000        0x0 c:/program files (x86)/atmel/studio/7.0/toolchain/avr8/avr8-gnu-toolchain/bin/../lib/gcc/avr/5.4.0/../../../../avr/lib/avr5\libm.a(addsf3x.o)
 .text          0x00000000        0x0 c:/program files (x86)/atmel/studio/7.0/toolchain/avr8/avr8-gnu-toolchain/bin/../lib/gcc/avr/5.4.0/../../../../avr/lib/avr5\libm.a(cmpsf2.o)
 .data          0x00000000        0x0 c:/program files (x86)/atmel/studio/7.0/toolchain/avr8/avr8-gnu-toolchain/bin/../lib/gcc/avr/5.4.0/../../../../avr/lib/avr5\libm.a(cmpsf2.o)
 .bss           0x00000000        0x0 c:/program files (x86)/atmel/studio/7.0/toolchain/avr8/avr8-gnu-toolchain/bin/../lib/gcc/avr/5.4.0/../../../../avr/lib/avr5\libm.a(cmpsf2.o)
 .text          0x00000000        0x0 c:/program files (x86)/atmel/studio/7.0/toolchain/avr8/avr8-gnu-toolchain/bin/../lib/gcc/avr/5.4.0/../../../../avr/lib/avr5\libm.a(divsf3.o)
 .data          0x00000000        0x0 c:/program files (x86)/atmel/studio/7.0/toolchain/avr8/avr8-gnu-toolchain/bin/../lib/gcc/avr/5.4.0/../../../../avr/lib/avr5\libm.a(divsf3.o)
 .bss           0x00000000        0x0 c:/program files (x86)/atmel/studio/7.0/toolchain/avr8/avr8-gnu-toolchain/bin/../lib/gcc/avr/5.4.0/../../../../avr/lib/avr5\libm.a(divsf3.o)
 .text          0x00000000        0x0 c:/program files (x86)/atmel/studio/7.0/toolchain/avr8/avr8-gnu-toolchain/bin/../lib/gcc/avr/5.4.0/../../../../avr/lib/avr5\libm.a(divsf3x.o)
 .data          0x00000000        0x0 c:/program files (x86)/atmel/studio/7.0/toolchain/avr8/avr8-gnu-toolchain/bin/../lib/gcc/avr/5.4.0/../../../../avr/lib/avr5\libm.a(divsf3x.o)
 .bss           0x00000000        0x0 c:/program files (x86)/atmel/studio/7.0/toolchain/avr8/avr8-gnu-toolchain/bin/../lib/gcc/avr/5.4.0/../../../../avr/lib/avr5\libm.a(divsf3x.o)
 .text          0x00000000        0x0 c:/program files (x86)/atmel/studio/7.0/toolchain/avr8/avr8-gnu-toolchain/bin/../lib/gcc/avr/5.4.0/../../../../avr/lib/avr5\libm.a(fixunssfsi.o)
 .data          0x00000000        0x0 c:/program files (x86)/atmel/studio/7.0/toolchain/avr8/avr8-gnu-toolchain/bin/../lib/gcc/avr/5.4.0/../../../../avr/lib/avr5\libm.a(fixunssfsi.o)
 .bss           0x00000000        0x0 c:/program files (x86)/atmel/studio/7.0/toolchain/avr8/avr8-gnu-toolchain/bin/../lib/gcc/avr/5.4.0/../../../../avr/lib/avr5\libm.a(fixunssfsi.o)
 .text          0x00000000        0x0 c:/program files (x86)/atmel/studio/7.0/toolchain/avr8/avr8-gnu-toolchain/bin/../lib/gcc/avr/5.4.0/../../../../avr/lib/avr5\libm.a(floatsisf.o)
 .data          0x00000000        0x0 c:/program files (x86)/atmel/studio/7.0/toolchain/avr8/avr8-gnu-toolchain/bin/../lib/gcc/avr/5.4.0/../../../../avr/lib/avr5\libm.a(floatsisf.o)
 .bss           0x00000000        0x0 c:/program files (x86)/atmel/studio/7.0/toolchain/avr8/avr8-gnu-toolchain/bin/../lib/gcc/avr/5.4.0/../../../../avr/lib/avr5\libm.a(floatsisf.o)
 .text          0x00000000        0x0 c:/program files (x86)/atmel/studio/7.0/toolchain/avr8/avr8-gnu-toolchain/bin/../lib/gcc/avr/5.4.0/../../../../avr/lib/avr5\libm.a(fp_cmp.o)
 .data          0x00000000        0x0 c:/program files (x86)/atmel/studio/7.0/toolchain/avr8/avr8-gnu-toolchain/bin/../lib/gcc/avr/5.4.0/../../../../avr/lib/avr5\libm.a(fp_cmp.o)
 .bss           0x00000000        0x0 c:/program files (x86)/atmel/studio/7.0/toolchain/avr8/avr8-gnu-toolchain/bin/../lib/gcc/avr/5.4.0/../../../../avr/lib/avr5\libm.a(fp_cmp.o)
 .text          0x00000000        0x0 c:/program files (x86)/atmel/studio/7.0/toolchain/avr8/avr8-gnu-toolchain/bin/../lib/gcc/avr/5.4.0/../../../../avr/lib/avr5\libm.a(fp_inf.o)
 .data          0x00000000        0x0 c:/program files (x86)/atmel/studio/7.0/toolchain/avr8/avr8-gnu-toolchain/bin/../lib/gcc/avr/5.4.0/../../../../avr/lib/avr5\libm.a(fp_inf.o)
 .bss           0x00000000        0x0 c:/program files (x86)/atmel/studio/7.0/toolchain/avr8/avr8-gnu-toolchain/bin/../lib/gcc/avr/5.4.0/../../../../avr/lib/avr5\libm.a(fp_inf.o)
 .text          0x00000000        0x0 c:/program files (x86)/atmel/studio/7.0/toolchain/avr8/avr8-gnu-toolchain/bin/../lib/gcc/avr/5.4.0/../../../../avr/lib/avr5\libm.a(fp_nan.o)
 .data          0x00000000        0x0 c:/program files (x86)/atmel/studio/7.0/toolchain/avr8/avr8-gnu-toolchain/bin/../lib/gcc/avr/5.4.0/../../../../avr/lib/avr5\libm.a(fp_nan.o)
 .bss           0x00000000        0x0 c:/program files (x86)/atmel/studio/7.0/toolchain/avr8/avr8-gnu-toolchain/bin/../lib/gcc/avr/5.4.0/../../../../avr/lib/avr5\libm.a(fp_nan.o)
 .text          0x00000000        0x0 c:/program files (x86)/atmel/studio/7.0/toolchain/avr8/avr8-gnu-toolchain/bin/../lib/gcc/avr/5.4.0/../../../../avr/lib/avr5\libm.a(fp_pscA.o)
 .data          0x00000000        0x0 c:/program files (x86)/atmel/studio/7.0/toolchain/avr8/avr8-gnu-toolchain/bin/../lib/gcc/avr/5.4.0/../../../../avr/lib/avr5\libm.a(fp_pscA.o)
 .bss           0x00000000        0x0 c:/program files (x86)/atmel/studio/7.0/toolchain/avr8/avr8-gnu-toolchain/bin/../lib/gcc/avr/5.4.0/../../../../avr/lib/avr5\libm.a(fp_pscA.o)
 .text          0x00000000        0x0 c:/program files (x86)/atmel/studio/7.0/toolchain/avr8/avr8-gnu-toolchain/bin/../lib/gcc/avr/5.4.0/../../../../avr/lib/avr5\libm.a(fp_pscB.o)
 .data          0x00000000        0x0 c:/program files (x86)/atmel/studio/7.0/toolchain/avr8/avr8-gnu-toolchain/bin/../lib/gcc/avr/5.4.0/../../../../avr/lib/avr5\libm.a(fp_pscB.o)
 .bss           0x00000000        0x0 c:/program files (x86)/atmel/studio/7.0/toolchain/avr8/avr8-gnu-toolchain/bin/../lib/gcc/avr/5.4.0/../../../../avr/lib/avr5\libm.a(fp_pscB.o)
 .text          0x00000000        0x0 c:/program files (x86)/atmel/studio/7.0/toolchain/avr8/avr8-gnu-toolchain/bin/../lib/gcc/avr/5.4.0/../../../../avr/lib/avr5\libm.a(fp_round.o)
 .data          0x00000000        0x0 c:/program files (x86)/atmel/studio/7.0/toolchain/avr8/avr8-gnu-toolchain/bin/../lib/gcc/avr/5.4.0/../../../../avr/lib/avr5\libm.a(fp_round.o)
 .bss           0x00000000        0x0 c:/program files (x86)/atmel/studio/7.0/toolchain/avr8/avr8-gnu-toolchain/bin/../lib/gcc/avr/5.4.0/../../../../avr/lib/avr5\libm.a(fp_round.o)
 .text          0x00000000        0x0 c:/program files (x86)/atmel/studio/7.0/toolchain/avr8/avr8-gnu-toolchain/bin/../lib/gcc/avr/5.4.0/../../../../avr/lib/avr5\libm.a(fp_split3.o)
 .data          0x00000000        0x0 c:/program files (x86)/atmel/studio/7.0/toolchain/avr8/avr8-gnu-toolchain/bin/../lib/gcc/avr/5.4.0/../../../../avr/lib/avr5\libm.a(fp_split3.o)
 .bss           0x00000000        0x0 c:/program files (x86)/atmel/studio/7.0/toolchain/avr8/avr8-gnu-toolchain/bin/../lib/gcc/avr/5.4.0/../../../../avr/lib/avr5\libm.a(fp_split3.o)
 .text          0x00000000        0x0 c:/program files (x86)/atmel/studio/7.0/toolchain/avr8/avr8-gnu-toolchain/bin/../lib/gcc/avr/5.4.0/../../../../avr/lib/avr5\libm.a(fp_zero.o)
 .data          0x00000000        0x0 c:/program files (x86)/atmel/studio/7.0/toolchain/avr8/avr8-gnu-toolchain/bin/../lib/gcc/avr/5.4.0/../../../../avr/lib/avr5\libm.a(fp_zero.o)
 .bss           0x00000000        0x0 c:/program files (x86)/atmel/studio/7.0/toolchain/avr8/avr8-gnu-toolchain/bin/../lib/gcc/avr/5.4.0/../../../../avr/lib/avr5\libm.a(fp_zero.o)
 .text          0x00000000        0x0 c:/program files (x86)/atmel/studio/7.0/toolchain/avr8/avr8-gnu-toolchain/bin/../lib/gcc/avr/5.4.0/../../../../avr/lib/avr5\libm.a(mulsf3.o)
 .data          0x00000000        0x0 c:/program files (x86)/atmel/studio/7.0/toolchain/avr8/avr8-gnu-toolchain/bin/../lib/gcc/avr/5.4.0/../../../../avr/lib/avr5\libm.a(mulsf3.o)
 .bss           0x00000000        0x0 c:/program files (x86)/atmel/studio/7.0/toolchain/avr8/avr8-gnu-toolchain/bin/../lib/gcc/avr/5.4.0/../../../../avr/lib/avr5\libm.a(mulsf3.o)
 .text          0x00000000        0x0 c:/program files (x86)/atmel/studio/7.0/toolchain/avr8/avr8-gnu-toolchain/bin/../lib/gcc/avr/5.4.0/../../../../avr/lib/avr5\libm.a(mulsf3x.o)
 .data          0x00000000        0x0 c:/program files (x86)/atmel/studio/7.0/toolchain/avr8/avr8-gnu-toolchain/bin/../lib/gcc/avr/5.4.0/../../../../avr/lib/avr5\libm.a(mulsf3x.o)
 .bss           0x00000000        0x0 c:/program files (x86)/atmel/studio/7.0/toolchain/avr8/avr8-gnu-toolchain/bin/../lib/gcc/avr/5.4.0/../../../../avr/lib/avr5\libm.a(mulsf3x.o)
 .text          0x00000000        0x0 c:/program files (x86)/atmel/studio/7.0/toolchain/avr8/avr8-gnu-toolchain/bin/../lib/gcc/avr/5.4.0/avr5\libgcc.a(_divmodhi4.o)
 .data          0x00000000        0x0 c:/program files (x86)/atmel/studio/7.0/toolchain/avr8/avr8-gnu-toolchain/bin/../lib/gcc/avr/5.4.0/avr5\libgcc.a(_divmodhi4.o)
 .bss           0x00000000        0x0 c:/program files (x86)/atmel/studio/7.0/toolchain/avr8/avr8-gnu-toolchain/bin/../lib/gcc/avr/5.4.0/avr5\libgcc.a(_divmodhi4.o)
 .text.libgcc.mul
                0x00000000        0x0 c:/program files (x86)/atmel/studio/7.0/toolchain/avr8/avr8-gnu-toolchain/bin/../lib/gcc/avr/5.4.0/avr5\libgcc.a(_divmodhi4.o)
 .text.libgcc.div
                0x00000000       0x28 c:/program files (x86)/atmel/studio/7.0/toolchain/avr8/avr8-gnu-toolchain/bin/../lib/gcc/avr/5.4.0/avr5\libgcc.a(_divmodhi4.o)
 .text.libgcc   0x00000000        0x0 c:/program files (x86)/atmel/studio/7.0/toolchain/avr8/avr8-gnu-toolchain/bin/../lib/gcc/avr/5.4.0/avr5\libgcc.a(_divmodhi4.o)
 .text.libgcc.prologue
                0x00000000        0x0 c:/program files (x86)/atmel/studio/7.0/toolchain/avr8/avr8-gnu-toolchain/bin/../lib/gcc/avr/5.4.0/avr5\libgcc.a(_divmodhi4.o)
 .text.libgcc.builtins
                0x00000000        0x0 c:/program files (x86)/atmel/studio/7.0/toolchain/avr8/avr8-gnu-toolchain/bin/../lib/gcc/avr/5.4.0/avr5\libgcc.a(_divmodhi4.o)
 .text.libgcc.fmul
                0x00000000        0x0 c:/program files (x86)/atmel/studio/7.0/toolchain/avr8/avr8-gnu-toolchain/bin/../lib/gcc/avr/5.4.0/avr5\libgcc.a(_divmodhi4.o)
 .text.libgcc.fixed
                0x00000000        0x0 c:/program files (x86)/atmel/studio/7.0/toolchain/avr8/avr8-gnu-toolchain/bin/../lib/gcc/avr/5.4.0/avr5\libgcc.a(_divmodhi4.o)
 .text          0x00000000        0x0 c:/program files (x86)/atmel/studio/7.0/toolchain/avr8/avr8-gnu-toolchain/bin/../lib/gcc/avr/5.4.0/avr5\libgcc.a(_udivmodsi4.o)
 .data          0x00000000        0x0 c:/program files (x86)/atmel/studio/7.0/toolchain/avr8/avr8-gnu-toolchain/bin/../lib/gcc/avr/5.4.0/avr5\libgcc.a(_udivmodsi4.o)
 .bss           0x00000000        0x0 c:/program files (x86)/atmel/studio/7.0/toolchain/avr8/avr8-gnu-toolchain/bin/../lib/gcc/avr/5.4.0/avr5\libgcc.a(_udivmodsi4.o)
 .text.libgcc.mul
                0x00000000        0x0 c:/program files (x86)/atmel/studio/7.0/toolchain/avr8/avr8-gnu-toolchain/bin/../lib/gcc/avr/5.4.0/avr5\libgcc.a(_udivmodsi4.o)
 .text.libgcc   0x00000000        0x0 c:/program files (x86)/atmel/studio/7.0/toolchain/avr8/avr8-gnu-toolchain/bin/../lib/gcc/avr/5.4.0/avr5\libgcc.a(_udivmodsi4.o)
 .text.libgcc.prologue
                0x00000000        0x0 c:/program files (x86)/atmel/studio/7.0/toolchain/avr8/avr8-gnu-toolchain/bin/../lib/gcc/avr/5.4.0/avr5\libgcc.a(_udivmodsi4.o)
 .text.libgcc.builtins
                0x00000000        0x0 c:/program files (x86)/atmel/studio/7.0/toolchain/avr8/avr8-gnu-toolchain/bin/../lib/gcc/avr/5.4.0/avr5\libgcc.a(_udivmodsi4.o)
 .text.libgcc.fmul
                0x00000000        0x0 c:/program files (x86)/atmel/studio/7.0/toolchain/avr8/avr8-gnu-toolchain/bin/../lib/gcc/avr/5.4.0/avr5\libgcc.a(_udivmodsi4.o)
 .text.libgcc.fixed
                0x00000000        0x0 c:/program files (x86)/atmel/studio/7.0/toolchain/avr8/avr8-gnu-toolchain/bin/../lib/gcc/avr/5.4.0/avr5\libgcc.a(_udivmodsi4.o)
 .text          0x00000000        0x0 c:/program files (x86)/atmel/studio/7.0/toolchain/avr8/avr8-gnu-toolchain/bin/../lib/gcc/avr/5.4.0/avr5\libgcc.a(_exit.o)
 .data          0x00000000        0x0 c:/program files (x86)/atmel/studio/7.0/toolchain/avr8/avr8-gnu-toolchain/bin/../lib/gcc/avr/5.4.0/avr5\libgcc.a(_exit.o)
 .bss           0x00000000        0x0 c:/program files (x86)/atmel/studio/7.0/toolchain/avr8/avr8-gnu-toolchain/bin/../lib/gcc/avr/5.4.0/avr5\libgcc.a(_exit.o)
 .text.libgcc.mul
                0x00000000        0x0 c:/program files (x86)/atmel/studio/7.0/toolchain/avr8/avr8-gnu-toolchain/bin/../lib/gcc/avr/5.4.0/avr5\libgcc.a(_exit.o)
 .text.libgcc.div
                0x00000000        0x0 c:/program files (x86)/atmel/studio/7.0/toolchain/avr8/avr8-gnu-toolchain/bin/../lib/gcc/avr/5.4.0/avr5\libgcc.a(_exit.o)
 .text.libgcc   0x00000000        0x0 c:/program files (x86)/atmel/studio/7.0/toolchain/avr8/avr8-gnu-toolchain/bin/../lib/gcc/avr/5.4.0/avr5\libgcc.a(_exit.o)
 .text.libgcc.prologue
                0x00000000        0x0 c:/program files (x86)/atmel/studio/7.0/toolchain/avr8/avr8-gnu-toolchain/bin/../lib/gcc/avr/5.4.0/avr5\libgcc.a(_exit.o)
 .text.libgcc.builtins
                0x00000000        0x0 c:/program files (x86)/atmel/studio/7.0/toolchain/avr8/avr8-gnu-toolchain/bin/../lib/gcc/avr/5.4.0/avr5\libgcc.a(_exit.o)
 .text.libgcc.fmul
                0x00000000        0x0 c:/program files (x86)/atmel/studio/7.0/toolchain/avr8/avr8-gnu-toolchain/bin/../lib/gcc/avr/5.4.0/avr5\libgcc.a(_exit.o)
 .text.libgcc.fixed
                0x00000000        0x0 c:/program files (x86)/atmel/studio/7.0/toolchain/avr8/avr8-gnu-toolchain/bin/../lib/gcc/avr/5.4.0/avr5\libgcc.a(_exit.o)
 .text          0x00000000        0x0 c:/program files (x86)/atmel/studio/7.0/toolchain/avr8/avr8-gnu-toolchain/bin/../lib/gcc/avr/5.4.0/avr5\libgcc.a(_copy_data.o)
 .data          0x00000000        0x0 c:/program files (x86)/atmel/studio/7.0/toolchain/avr8/avr8-gnu-toolchain/bin/../lib/gcc/avr/5.4.0/avr5\libgcc.a(_copy_data.o)
 .bss           0x00000000        0x0 c:/program files (x86)/atmel/studio/7.0/toolchain/avr8/avr8-gnu-toolchain/bin/../lib/gcc/avr/5.4.0/avr5\libgcc.a(_copy_data.o)
 .text.libgcc.mul
                0x00000000        0x0 c:/program files (x86)/atmel/studio/7.0/toolchain/avr8/avr8-gnu-toolchain/bin/../lib/gcc/avr/5.4.0/avr5\libgcc.a(_copy_data.o)
 .text.libgcc.div
                0x00000000        0x0 c:/program files (x86)/atmel/studio/7.0/toolchain/avr8/avr8-gnu-toolchain/bin/../lib/gcc/avr/5.4.0/avr5\libgcc.a(_copy_data.o)
 .text.libgcc   0x00000000        0x0 c:/program files (x86)/atmel/studio/7.0/toolchain/avr8/avr8-gnu-toolchain/bin/../lib/gcc/avr/5.4.0/avr5\libgcc.a(_copy_data.o)
 .text.libgcc.prologue
                0x00000000        0x0 c:/program files (x86)/atmel/studio/7.0/toolchain/avr8/avr8-gnu-toolchain/bin/../lib/gcc/avr/5.4.0/avr5\libgcc.a(_copy_data.o)
 .text.libgcc.builtins
                0x00000000        0x0 c:/program files (x86)/atmel/studio/7.0/toolchain/avr8/avr8-gnu-toolchain/bin/../lib/gcc/avr/5.4.0/avr5\libgcc.a(_copy_data.o)
 .text.libgcc.fmul
                0x00000000        0x0 c:/program files (x86)/atmel/studio/7.0/toolchain/avr8/avr8-gnu-toolchain/bin/../lib/gcc/avr/5.4.0/avr5\libgcc.a(_copy_data.o)
 .text.libgcc.fixed
                0x00000000        0x0 c:/program files (x86)/atmel/studio/7.0/toolchain/avr8/avr8-gnu-toolchain/bin/../lib/gcc/avr/5.4.0/avr5\libgcc.a(_copy_data.o)
 .text          0x00000000        0x0 c:/program files (x86)/atmel/studio/7.0/toolchain/avr8/avr8-gnu-toolchain/bin/../lib/gcc/avr/5.4.0/avr5\libgcc.a(_clear_bss.o)
 .data          0x00000000        0x0 c:/program files (x86)/atmel/studio/7.0/toolchain/avr8/avr8-gnu-toolchain/bin/../lib/gcc/avr/5.4.0/avr5\libgcc.a(_clear_bss.o)
 .bss           0x00000000        0x0 c:/program files (x86)/atmel/studio/7.0/toolchain/avr8/avr8-gnu-toolchain/bin/../lib/gcc/avr/5.4.0/avr5\libgcc.a(_clear_bss.o)
 .text.libgcc.mul
                0x00000000        0x0 c:/program files (x86)/atmel/studio/7.0/toolchain/avr8/avr8-gnu-toolchain/bin/../lib/gcc/avr/5.4.0/avr5\libgcc.a(_clear_bss.o)
 .text.libgcc.div
                0x00000000        0x0 c:/program files (x86)/atmel/studio/7.0/toolchain/avr8/avr8-gnu-toolchain/bin/../lib/gcc/avr/5.4.0/avr5\libgcc.a(_clear_bss.o)
 .text.libgcc   0x00000000        0x0 c:/program files (x86)/atmel/studio/7.0/toolchain/avr8/avr8-gnu-toolchain/bin/../lib/gcc/avr/5.4.0/avr5\libgcc.a(_clear_bss.o)
 .text.libgcc.prologue
                0x00000000        0x0 c:/program files (x86)/atmel/studio/7.0/toolchain/avr8/avr8-gnu-toolchain/bin/../lib/gcc/avr/5.4.0/avr5\libgcc.a(_clear_bss.o)
 .text.libgcc.builtins
                0x00000000        0x0 c:/program files (x86)/atmel/studio/7.0/toolchain/avr8/avr8-gnu-toolchain/bin/../lib/gcc/avr/5.4.0/avr5\libgcc.a(_clear_bss.o)
 .text.libgcc.fmul
                0x00000000        0x0 c:/program files (x86)/atmel/studio/7.0/toolchain/avr8/avr8-gnu-toolchain/bin/../lib/gcc/avr/5.4.0/avr5\libgcc.a(_clear_bss.o)
 .text.libgcc.fixed
                0x00000000        0x0 c:/program files (x86)/atmel/studio/7.0/toolchain/avr8/avr8-gnu-toolchain/bin/../lib/gcc/avr/5.4.0/avr5\libgcc.a(_clear_bss.o)
 .text          0x00000000        0x0 c:/program files (x86)/atmel/studio/7.0/toolchain/avr8/avr8-gnu-toolchain/bin/../lib/gcc/avr/5.4.0/avr5\libgcc.a(_udivmodhi4.o)
 .data          0x00000000        0x0 c:/program files (x86)/atmel/studio/7.0/toolchain/avr8/avr8-gnu-toolchain/bin/../lib/gcc/avr/5.4.0/avr5\libgcc.a(_udivmodhi4.o)
 .bss           0x00000000        0x0 c:/program files (x86)/atmel/studio/7.0/toolchain/avr8/avr8-gnu-toolchain/bin/../lib/gcc/avr/5.4.0/avr5\libgcc.a(_udivmodhi4.o)
 .text.libgcc.mul
                0x00000000        0x0 c:/program files (x86)/atmel/studio/7.0/toolchain/avr8/avr8-gnu-toolchain/bin/../lib/gcc/avr/5.4.0/avr5\libgcc.a(_udivmodhi4.o)
 .text.libgcc.div
                0x00000000       0x28 c:/program files (x86)/atmel/studio/7.0/toolchain/avr8/avr8-gnu-toolchain/bin/../lib/gcc/avr/5.4.0/avr5\libgcc.a(_udivmodhi4.o)
 .text.libgcc   0x00000000        0x0 c:/program files (x86)/atmel/studio/7.0/toolchain/avr8/avr8-gnu-toolchain/bin/../lib/gcc/avr/5.4.0/avr5\libgcc.a(_udivmodhi4.o)
 .text.libgcc.prologue
                0x00000000        0x0 c:/program files (x86)/atmel/studio/7.0/toolchain/avr8/avr8-gnu-toolchain/bin/../lib/gcc/avr/5.4.0/avr5\libgcc.a(_udivmodhi4.o)
 .text.libgcc.builtins
                0x00000000        0x0 c:/program files (x86)/atmel/studio/7.0/toolchain/avr8/avr8-gnu-toolchain/bin/../lib/gcc/avr/5.4.0/avr5\libgcc.a(_udivmodhi4.o)
 .text.libgcc.fmul
                0x00000000        0x0 c:/program files (x86)/atmel/studio/7.0/toolchain/avr8/avr8-gnu-toolchain/bin/../lib/gcc/avr/5.4.0/avr5\libgcc.a(_udivmodhi4.o)
 .text.libgcc.fixed
                0x00000000        0x0 c:/program files (x86)/atmel/studio/7.0/toolchain/avr8/avr8-gnu-toolchain/bin/../lib/gcc/avr/5.4.0/avr5\libgcc.a(_udivmodhi4.o)

Memory Configuration

Name             Origin             Length             Attributes
text             0x00000000         0x00008000         xr
data             0x00800060         0x00000800         rw !x
eeprom           0x00810000         0x00000400         rw !x
fuse             0x00820000         0x00000002         rw !x
lock             0x00830000         0x00000400         rw !x
signature        0x00840000         0x00000400         rw !x
user_signatures  0x00850000         0x00000400         rw !x
*default*        0x00000000         0xffffffff

Linker script and memory map

LOAD C:/Program Files (x86)/Atmel/Studio/7.0/Packs/atmel/ATmega_DFP/1.7.374/gcc/dev/atmega32/avr5/crtatmega32.o
LOAD APP/src/SmartHome_Prog.o
LOAD HAL/BL/src/BL_program.o
LOAD HAL/BUZZER/src/BUZZER_program.o
LOAD HAL/EEPROM/src/EEPROM_program.o
LOAD HAL/KPD/src/KeyPad_program.o
LOAD HAL/LCD/src/LCD_PROGRAM.o
LOAD HAL/LED/src/LED_program.o
LOAD HAL/SERVO/src/SERVO_program.o
LOAD main.o
LOAD MCAL/ADC/src/ADC_program.o
LOAD MCAL/DIO/src/DIO_program.o
LOAD MCAL/GI/src/GI_program.o
LOAD MCAL/PWM/src/PWM_program.o
LOAD MCAL/TMR0/src/TMR0_program.o
LOAD MCAL/TWI/src/TWI_program.o
LOAD MCAL/UART/src/UART_program.o
START GROUP
LOAD c:/program files (x86)/atmel/studio/7.0/toolchain/avr8/avr8-gnu-toolchain/bin/../lib/gcc/avr/5.4.0/../../../../avr/lib/avr5\libm.a
END GROUP
START GROUP
LOAD c:/program files (x86)/atmel/studio/7.0/toolchain/avr8/avr8-gnu-toolchain/bin/../lib/gcc/avr/5.4.0/avr5\libgcc.a
LOAD c:/program files (x86)/atmel/studio/7.0/toolchain/avr8/avr8-gnu-toolchain/bin/../lib/gcc/avr/5.4.0/../../../../avr/lib/avr5\libm.a
LOAD c:/program files (x86)/atmel/studio/7.0/toolchain/avr8/avr8-gnu-toolchain/bin/../lib/gcc/avr/5.4.0/../../../../avr/lib/avr5\libc.a
LOAD C:/Program Files (x86)/Atmel/Studio/7.0/Packs/atmel/ATmega_DFP/1.7.374/gcc/dev/atmega32/avr5\libatmega32.a
END GROUP
                0x00000000                __TEXT_REGION_ORIGIN__ = DEFINED (__TEXT_REGION_ORIGIN__)?__TEXT_REGION_ORIGIN__:0x0
                [0x00800060]                __DATA_REGION_ORIGIN__ = DEFINED (__DATA_REGION_ORIGIN__)?__DATA_REGION_ORIGIN__:0x800060
                [0x00008000]                __TEXT_REGION_LENGTH__ = DEFINED (__TEXT_REGION_LENGTH__)?__TEXT_REGION_LENGTH__:0x20000
                [0x00000800]                __DATA_REGION_LENGTH__ = DEFINED (__DATA_REGION_LENGTH__)?__DATA_REGION_LENGTH__:0xffa0
                [0x00000400]                __EEPROM_REGION_LENGTH__ = DEFINED (__EEPROM_REGION_LENGTH__)?__EEPROM_REGION_LENGTH__:0x10000
                [0x00000002]                __FUSE_REGION_LENGTH__ = DEFINED (__FUSE_REGION_LENGTH__)?__FUSE_REGION_LENGTH__:0x400
                0x00000400                __LOCK_REGION_LENGTH__ = DEFINED (__LOCK_REGION_LENGTH__)?__LOCK_REGION_LENGTH__:0x400
                0x00000400                __SIGNATURE_REGION_LENGTH__ = DEFINED (__SIGNATURE_REGION_LENGTH__)?__SIGNATURE_REGION_LENGTH__:0x400
                0x00000400                __USER_SIGNATURE_REGION_LENGTH__ = DEFINED (__USER_SIGNATURE_REGION_LENGTH__)?__USER_SIGNATURE_REGION_LENGTH__:0x400

.hash
 *(.hash)

.dynsym
 *(.dynsym)

.dynstr
 *(.dynstr)

.gnu.version
 *(.gnu.version)

.gnu.version_d
 *(.gnu.version_d)

.gnu.version_r
 *(.gnu.version_r)

.rel.init
 *(.rel.init)

.rela.init
 *(.rela.init)

.rel.text
 *(.rel.text)
 *(.rel.text.*)
 *(.rel.gnu.linkonce.t*)

.rela.text
 *(.rela.text)
 *(.rela.text.*)
 *(.rela.gnu.linkonce.t*)

.rel.fini
 *(.rel.fini)

.rela.fini
 *(.rela.fini)

.rel.rodata
 *(.rel.rodata)
 *(.rel.rodata.*)
 *(.rel.gnu.linkonce.r*)

.rela.rodata
 *(.rela.rodata)
 *(.rela.rodata.*)
 *(.rela.gnu.linkonce.r*)

.rel.data
 *(.rel.data)
 *(.rel.data.*)
 *(.rel.gnu.linkonce.d*)

.rela.data
 *(.rela.data)
 *(.rela.data.*)
 *(.rela.gnu.linkonce.d*)

.rel.ctors
 *(.rel.ctors)

.rela.ctors
 *(.rela.ctors)

.rel.dtors
 *(.rel.dtors)

.rela.dtors
 *(.rela.dtors)

.rel.got
 *(.rel.got)

.rela.got
 *(.rela.got)

.rel.bss
 *(.rel.bss)

.rela.bss
 *(.rela.bss)

.rel.plt
 *(.rel.plt)

.rela.plt
 *(.rela.plt)

.text           0x00000000     0x18a0
 *(.vectors)
 .vectors       0x00000000       0x54 C:/Program Files (x86)/Atmel/Studio/7.0/Packs/atmel/ATmega_DFP/1.7.374/gcc/dev/atmega32/avr5/crtatmega32.o
                0x00000000                __vector_default
                0x00000000                __vectors
 *(.vectors)
 *(.progmem.gcc*)
                0x00000054                . = ALIGN (0x2)
                0x00000054                __trampolines_start = .
 *(.trampolines)
 .trampolines   0x00000054        0x0 linker stubs
 *(.trampolines*)
                0x00000054                __trampolines_end = .
 *libprintf_flt.a:*(.progmem.data)
 *libc.a:*(.progmem.data)
 *(.progmem*)
                0x00000054                . = ALIGN (0x2)
 *(.jumptables)
 *(.jumptables*)
 *(.lowtext)
 *(.lowtext*)
                0x00000054                __ctors_start = .
 *(.ctors)
                0x00000054                __ctors_end = .
                0x00000054                __dtors_start = .
 *(.dtors)
                0x00000054                __dtors_end = .
 SORT(*)(.ctors)
 SORT(*)(.dtors)
 *(.init0)
 .init0         0x00000054        0x0 C:/Program Files (x86)/Atmel/Studio/7.0/Packs/atmel/ATmega_DFP/1.7.374/gcc/dev/atmega32/avr5/crtatmega32.o
                0x00000054                __init
 *(.init0)
 *(.init1)
 *(.init1)
 *(.init2)
 .init2         0x00000054        0xc C:/Program Files (x86)/Atmel/Studio/7.0/Packs/atmel/ATmega_DFP/1.7.374/gcc/dev/atmega32/avr5/crtatmega32.o
 *(.init2)
 *(.init3)
 *(.init3)
 *(.init4)
 .init4         0x00000060       0x16 c:/program files (x86)/atmel/studio/7.0/toolchain/avr8/avr8-gnu-toolchain/bin/../lib/gcc/avr/5.4.0/avr5\libgcc.a(_copy_data.o)
                0x00000060                __do_copy_data
 .init4         0x00000076       0x10 c:/program files (x86)/atmel/studio/7.0/toolchain/avr8/avr8-gnu-toolchain/bin/../lib/gcc/avr/5.4.0/avr5\libgcc.a(_clear_bss.o)
                0x00000076                __do_clear_bss
 *(.init4)
 *(.init5)
 *(.init5)
 *(.init6)
 *(.init6)
 *(.init7)
 *(.init7)
 *(.init8)
 *(.init8)
 *(.init9)
 .init9         0x00000086        0x8 C:/Program Files (x86)/Atmel/Studio/7.0/Packs/atmel/ATmega_DFP/1.7.374/gcc/dev/atmega32/avr5/crtatmega32.o
 *(.init9)
 *(.text)
 .text          0x0000008e        0x4 C:/Program Files (x86)/Atmel/Studio/7.0/Packs/atmel/ATmega_DFP/1.7.374/gcc/dev/atmega32/avr5/crtatmega32.o
                0x0000008e                __vector_1
                0x0000008e                __vector_12
                0x0000008e                __bad_interrupt
                0x0000008e                __vector_6
                0x0000008e                __vector_3
                0x0000008e                __vector_13
                0x0000008e                __vector_17
                0x0000008e                __vector_19
                0x0000008e                __vector_7
                0x0000008e                __vector_5
                0x0000008e                __vector_4
                0x0000008e                __vector_9
                0x0000008e                __vector_2
                0x0000008e                __vector_15
                0x0000008e                __vector_8
                0x0000008e                __vector_14
                0x0000008e                __vector_16
                0x0000008e                __vector_18
                0x0000008e                __vector_20
                0x00000092                . = ALIGN (0x2)
 *(.text.*)
 .text.HOME_voidInit
                0x00000092       0x70 APP/src/SmartHome_Prog.o
                0x00000092                HOME_voidInit
 .text.WelcomeScreen
                0x00000102       0x2a APP/src/SmartHome_Prog.o
                0x00000102                WelcomeScreen
 .text.APP_init
                0x0000012c       0xb8 APP/src/SmartHome_Prog.o
                0x0000012c                APP_init
 .text.Display_temp
                0x000001e4       0x22 APP/src/SmartHome_Prog.o
                0x000001e4                Display_temp
 .text.Idle_Action
                0x00000206       0x4c APP/src/SmartHome_Prog.o
                0x00000206                Idle_Action
 .text.Reset_AllKPDValues
                0x00000252       0x14 APP/src/SmartHome_Prog.o
                0x00000252                Reset_AllKPDValues
 .text.KPD_Interface_user
                0x00000266      0x4cc APP/src/SmartHome_Prog.o
                0x00000266                KPD_Interface_user
 .text.BL_voidInit
                0x00000732        0x6 HAL/BL/src/BL_program.o
                0x00000732                BL_voidInit
 .text.EEPROM_voidInit
                0x00000738        0x6 HAL/EEPROM/src/EEPROM_program.o
                0x00000738                EEPROM_voidInit
 .text.EEPROM_voidWritePage
                0x0000073e       0x56 HAL/EEPROM/src/EEPROM_program.o
                0x0000073e                EEPROM_voidWritePage
 .text.KPD_voidInit
                0x00000794       0x68 HAL/KPD/src/KeyPad_program.o
                0x00000794                KPD_voidInit
 .text.KPD_voidGetValue
                0x000007fc      0x158 HAL/KPD/src/KeyPad_program.o
                0x000007fc                KPD_voidGetValue
 .text.PRV_voidWriteHalfPort
                0x00000954       0x70 HAL/LCD/src/LCD_PROGRAM.o
 .text.LCD_voidSendCommand
                0x000009c4       0x6c HAL/LCD/src/LCD_PROGRAM.o
                0x000009c4                LCD_voidSendCommand
 .text.LCD_voidInit
                0x00000a30       0xc4 HAL/LCD/src/LCD_PROGRAM.o
                0x00000a30                LCD_voidInit
 .text.LCD_voidDisplayChar
                0x00000af4       0x6c HAL/LCD/src/LCD_PROGRAM.o
                0x00000af4                LCD_voidDisplayChar
 .text.LCD_voidDisplayString
                0x00000b60       0x2c HAL/LCD/src/LCD_PROGRAM.o
                0x00000b60                LCD_voidDisplayString
 .text.LCD_voidDisplayStringDelay
                0x00000b8c       0x3e HAL/LCD/src/LCD_PROGRAM.o
                0x00000b8c                LCD_voidDisplayStringDelay
 .text.LCD_voidDisplayNumber
                0x00000bca       0xa6 HAL/LCD/src/LCD_PROGRAM.o
                0x00000bca                LCD_voidDisplayNumber
 .text.LCD_voidClear
                0x00000c70       0x62 HAL/LCD/src/LCD_PROGRAM.o
                0x00000c70                LCD_voidClear
 .text.LCD_voidGoTOSpecificPosition
                0x00000cd2       0x36 HAL/LCD/src/LCD_PROGRAM.o
                0x00000cd2                LCD_voidGoTOSpecificPosition
 .text.LED_voidInit
                0x00000d08        0x8 HAL/LED/src/LED_program.o
                0x00000d08                LED_voidInit
 .text.LED_voidOn
                0x00000d10       0x1a HAL/LED/src/LED_program.o
                0x00000d10                LED_voidOn
 .text.LED_voidOff
                0x00000d2a       0x1a HAL/LED/src/LED_program.o
                0x00000d2a                LED_voidOff
 .text.SERVO_voidInit
                0x00000d44        0xc HAL/SERVO/src/SERVO_program.o
                0x00000d44                SERVO_voidInit
 .text.SERVO_voidStartByAngle
                0x00000d50       0x32 HAL/SERVO/src/SERVO_program.o
                0x00000d50                SERVO_voidStartByAngle
 .text.main     0x00000d82       0x2e main.o
                0x00000d82                main
 .text.ADC_voidInit
                0x00000db0       0x60 MCAL/ADC/src/ADC_program.o
                0x00000db0                ADC_voidInit
 .text.ADC_voidGetDigitalValue
                0x00000e10       0x36 MCAL/ADC/src/ADC_program.o
                0x00000e10                ADC_voidGetDigitalValue
 .text.DIO_voidSetPinDirection
                0x00000e46      0x100 MCAL/DIO/src/DIO_program.o
                0x00000e46                DIO_voidSetPinDirection
 .text.DIO_voidSetPinValue
                0x00000f46      0x100 MCAL/DIO/src/DIO_program.o
                0x00000f46                DIO_voidSetPinValue
 .text.DIO_voidGetPinValue
                0x00001046       0x76 MCAL/DIO/src/DIO_program.o
                0x00001046                DIO_voidGetPinValue
 .text.DIO_voidActivePinInPullUpResistance
                0x000010bc       0x70 MCAL/DIO/src/DIO_program.o
                0x000010bc                DIO_voidActivePinInPullUpResistance
 .text.GI_voidEnable
                0x0000112c        0x8 MCAL/GI/src/GI_program.o
                0x0000112c                GI_voidEnable
 .text.PWM_voidInitChannel_1A
                0x00001134       0x26 MCAL/PWM/src/PWM_program.o
                0x00001134                PWM_voidInitChannel_1A
 .text.PWM_voidGenerateChannel_1A
                0x0000115a       0x98 MCAL/PWM/src/PWM_program.o
                0x0000115a                PWM_voidGenerateChannel_1A
 .text.TMR0_voidInit
                0x000011f2       0x24 MCAL/TMR0/src/TMR0_program.o
                0x000011f2                TMR0_voidInit
 .text.TMR0_voidStart
                0x00001216       0x1c MCAL/TMR0/src/TMR0_program.o
                0x00001216                TMR0_voidStart
 .text.TMR0_voidStop
                0x00001232       0x14 MCAL/TMR0/src/TMR0_program.o
                0x00001232                TMR0_voidStop
 .text.TMR0_SetCallBackCTC
                0x00001246        0xe MCAL/TMR0/src/TMR0_program.o
                0x00001246                TMR0_SetCallBackCTC
 .text.TMR0clear_flag
                0x00001254        0xe MCAL/TMR0/src/TMR0_program.o
                0x00001254                TMR0clear_flag
 .text.__vector_11
                0x00001262       0x76 MCAL/TMR0/src/TMR0_program.o
                0x00001262                __vector_11
 .text.__vector_10
                0x000012d8       0x76 MCAL/TMR0/src/TMR0_program.o
                0x000012d8                __vector_10
 .text.TWI_voidInitMaster
                0x0000134e       0x18 MCAL/TWI/src/TWI_program.o
                0x0000134e                TWI_voidInitMaster
 .text.TWI_voidSendStartCondition
                0x00001366       0x1c MCAL/TWI/src/TWI_program.o
                0x00001366                TWI_voidSendStartCondition
 .text.TWI_voidSendStopCondition
                0x00001382        0xe MCAL/TWI/src/TWI_program.o
                0x00001382                TWI_voidSendStopCondition
 .text.TWI_voidSendSlaveAddWithWrite
                0x00001390       0x2a MCAL/TWI/src/TWI_program.o
                0x00001390                TWI_voidSendSlaveAddWithWrite
 .text.TWI_voidTransmitMasterDataByte
                0x000013ba       0x18 MCAL/TWI/src/TWI_program.o
                0x000013ba                TWI_voidTransmitMasterDataByte
 .text.UART_voidInit
                0x000013d2       0x22 MCAL/UART/src/UART_program.o
                0x000013d2                UART_voidInit
 .text.avr-libc.fplib
                0x000013f4        0xe c:/program files (x86)/atmel/studio/7.0/toolchain/avr8/avr8-gnu-toolchain/bin/../lib/gcc/avr/5.4.0/../../../../avr/lib/avr5\libm.a(addsf3.o)
                0x000013f4                __subsf3
                0x000013f6                __addsf3
 .text.avr-libc.fplib
                0x00001402       0xcc c:/program files (x86)/atmel/studio/7.0/toolchain/avr8/avr8-gnu-toolchain/bin/../lib/gcc/avr/5.4.0/../../../../avr/lib/avr5\libm.a(addsf3x.o)
                0x00001424                __addsf3x
 .text.avr-libc.fplib
                0x000014ce        0xa c:/program files (x86)/atmel/studio/7.0/toolchain/avr8/avr8-gnu-toolchain/bin/../lib/gcc/avr/5.4.0/../../../../avr/lib/avr5\libm.a(cmpsf2.o)
                0x000014ce                __nesf2
                0x000014ce                __eqsf2
                0x000014ce                __cmpsf2
                0x000014ce                __ltsf2
                0x000014ce                __lesf2
 .text.avr-libc.fplib
                0x000014d8        0x8 c:/program files (x86)/atmel/studio/7.0/toolchain/avr8/avr8-gnu-toolchain/bin/../lib/gcc/avr/5.4.0/../../../../avr/lib/avr5\libm.a(divsf3.o)
                0x000014d8                __divsf3
 .text.avr-libc.fplib
                0x000014e0       0xdc c:/program files (x86)/atmel/studio/7.0/toolchain/avr8/avr8-gnu-toolchain/bin/../lib/gcc/avr/5.4.0/../../../../avr/lib/avr5\libm.a(divsf3x.o)
                0x00001500                __divsf3x
                0x00001506                __divsf3_pse
 .text.avr-libc.fplib
                0x000015bc       0x5e c:/program files (x86)/atmel/studio/7.0/toolchain/avr8/avr8-gnu-toolchain/bin/../lib/gcc/avr/5.4.0/../../../../avr/lib/avr5\libm.a(fixunssfsi.o)
                0x000015bc                __fixunssfsi
 .text.avr-libc.fplib
                0x0000161a       0x7a c:/program files (x86)/atmel/studio/7.0/toolchain/avr8/avr8-gnu-toolchain/bin/../lib/gcc/avr/5.4.0/../../../../avr/lib/avr5\libm.a(floatsisf.o)
                0x0000161a                __floatunsisf
                0x0000161e                __floatsisf
 .text.avr-libc.fplib
                0x00001694       0x48 c:/program files (x86)/atmel/studio/7.0/toolchain/avr8/avr8-gnu-toolchain/bin/../lib/gcc/avr/5.4.0/../../../../avr/lib/avr5\libm.a(fp_cmp.o)
                0x00001694                __fp_cmp
 .text.avr-libc.fplib
                0x000016dc        0xc c:/program files (x86)/atmel/studio/7.0/toolchain/avr8/avr8-gnu-toolchain/bin/../lib/gcc/avr/5.4.0/../../../../avr/lib/avr5\libm.a(fp_inf.o)
                0x000016dc                __fp_inf
 .text.avr-libc.fplib
                0x000016e8        0x6 c:/program files (x86)/atmel/studio/7.0/toolchain/avr8/avr8-gnu-toolchain/bin/../lib/gcc/avr/5.4.0/../../../../avr/lib/avr5\libm.a(fp_nan.o)
                0x000016e8                __fp_nan
 .text.avr-libc.fplib
                0x000016ee        0xe c:/program files (x86)/atmel/studio/7.0/toolchain/avr8/avr8-gnu-toolchain/bin/../lib/gcc/avr/5.4.0/../../../../avr/lib/avr5\libm.a(fp_pscA.o)
                0x000016ee                __fp_pscA
 .text.avr-libc.fplib
                0x000016fc        0xe c:/program files (x86)/atmel/studio/7.0/toolchain/avr8/avr8-gnu-toolchain/bin/../lib/gcc/avr/5.4.0/../../../../avr/lib/avr5\libm.a(fp_pscB.o)
                0x000016fc                __fp_pscB
 .text.avr-libc.fplib
                0x0000170a       0x22 c:/program files (x86)/atmel/studio/7.0/toolchain/avr8/avr8-gnu-toolchain/bin/../lib/gcc/avr/5.4.0/../../../../avr/lib/avr5\libm.a(fp_round.o)
                0x0000170a                __fp_round
 .text.avr-libc.fplib
                0x0000172c       0x44 c:/program files (x86)/atmel/studio/7.0/toolchain/avr8/avr8-gnu-toolchain/bin/../lib/gcc/avr/5.4.0/../../../../avr/lib/avr5\libm.a(fp_split3.o)
                0x0000172c                __fp_split3
                0x0000173c                __fp_splitA
 .text.avr-libc.fplib
                0x00001770        0xe c:/program files (x86)/atmel/studio/7.0/toolchain/avr8/avr8-gnu-toolchain/bin/../lib/gcc/avr/5.4.0/../../../../avr/lib/avr5\libm.a(fp_zero.o)
                0x00001770                __fp_zero
                0x00001772                __fp_szero
 .text.avr-libc.fplib
                0x0000177e        0x8 c:/program files (x86)/atmel/studio/7.0/toolchain/avr8/avr8-gnu-toolchain/bin/../lib/gcc/avr/5.4.0/../../../../avr/lib/avr5\libm.a(mulsf3.o)
                0x0000177e                __mulsf3
 .text.avr-libc.fplib
                0x00001786       0xd2 c:/program files (x86)/atmel/studio/7.0/toolchain/avr8/avr8-gnu-toolchain/bin/../lib/gcc/avr/5.4.0/../../../../avr/lib/avr5\libm.a(mulsf3x.o)
                0x000017a4                __mulsf3x
                0x000017aa                __mulsf3_pse
 .text.libgcc.div
                0x00001858       0x44 c:/program files (x86)/atmel/studio/7.0/toolchain/avr8/avr8-gnu-toolchain/bin/../lib/gcc/avr/5.4.0/avr5\libgcc.a(_udivmodsi4.o)
                0x00001858                __udivmodsi4
                0x0000189c                . = ALIGN (0x2)
 *(.fini9)
 .fini9         0x0000189c        0x0 c:/program files (x86)/atmel/studio/7.0/toolchain/avr8/avr8-gnu-toolchain/bin/../lib/gcc/avr/5.4.0/avr5\libgcc.a(_exit.o)
                0x0000189c                _exit
                0x0000189c                exit
 *(.fini9)
 *(.fini8)
 *(.fini8)
 *(.fini7)
 *(.fini7)
 *(.fini6)
 *(.fini6)
 *(.fini5)
 *(.fini5)
 *(.fini4)
 *(.fini4)
 *(.fini3)
 *(.fini3)
 *(.fini2)
 *(.fini2)
 *(.fini1)
 *(.fini1)
 *(.fini0)
 .fini0         0x0000189c        0x4 c:/program files (x86)/atmel/studio/7.0/toolchain/avr8/avr8-gnu-toolchain/bin/../lib/gcc/avr/5.4.0/avr5\libgcc.a(_exit.o)
 *(.fini0)
                0x000018a0                _etext = .

.data           0x00800060      0x28c load address 0x000018a0
                0x00800060                PROVIDE (__data_start, .)
 *(.data)
 *(.data*)
 .data.global_accessType
                0x00800060        0x1 APP/src/SmartHome_Prog.o
                0x00800060                global_accessType
 .data.local_KPDIdleValue
                0x00800061        0x1 APP/src/SmartHome_Prog.o
                0x00800061                local_KPDIdleValue
 .data.local_lightStatus
                0x00800062        0x1 APP/src/SmartHome_Prog.o
                0x00800062                local_lightStatus
 .data.local_lightNum
                0x00800063        0x1 APP/src/SmartHome_Prog.o
                0x00800063                local_lightNum
 .data.Local_copyKPDValue
                0x00800064        0x1 APP/src/SmartHome_Prog.o
                0x00800064                Local_copyKPDValue
 *(.gnu.linkonce.d*)
 *(.rodata)
 .rodata        0x00800065       0x1b APP/src/SmartHome_Prog.o
 .rodata        0x00800080        0xc HAL/KPD/src/KeyPad_program.o
 *(.rodata*)
 .rodata.str1.1
                0x0080008c      0x251 APP/src/SmartHome_Prog.o
                                0x25c (size before relaxing)
 .rodata.str1.1
                0x008002dd        0xe main.o
 *(.gnu.linkonce.r*)
                0x008002ec                . = ALIGN (0x2)
 *fill*         0x008002eb        0x1 
                0x008002ec                _edata = .
                0x008002ec                PROVIDE (__data_end, .)

.bss            0x008002ec        0x8
                0x008002ec                PROVIDE (__bss_start, .)
 *(.bss)
 *(.bss*)
 .bss.local_temp
                0x008002ec        0x1 APP/src/SmartHome_Prog.o
                0x008002ec                local_temp
 .bss.led_status
                0x008002ed        0x1 APP/src/SmartHome_Prog.o
                0x008002ed                led_status
 .bss.local_u16Counter
                0x008002ee        0x2 MCAL/TMR0/src/TMR0_program.o
 .bss.PRV_pFunCallBackCTC
                0x008002f0        0x2 MCAL/TMR0/src/TMR0_program.o
 .bss.PRV_pFunCallBackOVF
                0x008002f2        0x2 MCAL/TMR0/src/TMR0_program.o
 *(COMMON)
                0x008002f4                PROVIDE (__bss_end, .)
                0x000018a0                __data_load_start = LOADADDR (.data)
                0x00001b2c                __data_load_end = (__data_load_start + SIZEOF (.data))

.noinit         0x008002f4        0x0
                [!provide]                PROVIDE (__noinit_start, .)
 *(.noinit*)
                [!provide]                PROVIDE (__noinit_end, .)
                0x008002f4                _end = .
                [!provide]                PROVIDE (__heap_start, .)

.eeprom         0x00810000        0x0
 *(.eeprom*)
                0x00810000                __eeprom_end = .

.fuse
 *(.fuse)
 *(.lfuse)
 *(.hfuse)
 *(.efuse)

.lock
 *(.lock*)

.signature
 *(.signature*)

.user_signatures
 *(.user_signatures*)

.stab
 *(.stab)

.stabstr
 *(.stabstr)

.stab.excl
 *(.stab.excl)

.stab.exclstr
 *(.stab.exclstr)

.stab.index
 *(.stab.index)

.stab.indexstr
 *(.stab.indexstr)

.comment        0x00000000       0x30
 *(.comment)
 .comment       0x00000000       0x30 APP/src/SmartHome_Prog.o
                                 0x31 (size before relaxing)
 .comment       0x00000030       0x31 HAL/BL/src/BL_program.o
 .comment       0x00000030       0x31 HAL/EEPROM/src/EEPROM_program.o
 .comment       0x00000030       0x31 HAL/KPD/src/KeyPad_program.o
 .comment       0x00000030       0x31 HAL/LCD/src/LCD_PROGRAM.o
 .comment       0x00000030       0x31 HAL/LED/src/LED_program.o
 .comment       0x00000030       0x31 HAL/SERVO/src/SERVO_program.o
 .comment       0x00000030       0x31 main.o
 .comment       0x00000030       0x31 MCAL/ADC/src/ADC_program.o
 .comment       0x00000030       0x31 MCAL/DIO/src/DIO_program.o
 .comment       0x00000030       0x31 MCAL/GI/src/GI_program.o
 .comment       0x00000030       0x31 MCAL/PWM/src/PWM_program.o
 .comment       0x00000030       0x31 MCAL/TMR0/src/TMR0_program.o
 .comment       0x00000030       0x31 MCAL/TWI/src/TWI_program.o
 .comment       0x00000030       0x31 MCAL/UART/src/UART_program.o

.note.gnu.avr.deviceinfo
                0x00000000       0x3c
 .note.gnu.avr.deviceinfo
                0x00000000       0x3c C:/Program Files (x86)/Atmel/Studio/7.0/Packs/atmel/ATmega_DFP/1.7.374/gcc/dev/atmega32/avr5/crtatmega32.o

.note.gnu.build-id
 *(.note.gnu.build-id)

.debug
 *(.debug)

.line
 *(.line)

.debug_srcinfo
 *(.debug_srcinfo)

.debug_sfnames
 *(.debug_sfnames)

.debug_aranges  0x00000000      0x3c8
 *(.debug_aranges)
 .debug_aranges
                0x00000000       0x68 APP/src/SmartHome_Prog.o
 .debug_aranges
                0x00000068       0x40 HAL/BL/src/BL_program.o
 .debug_aranges
                0x000000a8       0x40 HAL/EEPROM/src/EEPROM_program.o
 .debug_aranges
                0x000000e8       0x28 HAL/KPD/src/KeyPad_program.o
 .debug_aranges
                0x00000110       0x78 HAL/LCD/src/LCD_PROGRAM.o
 .debug_aranges
                0x00000188       0x38 HAL/LED/src/LED_program.o
 .debug_aranges
                0x000001c0       0x28 HAL/SERVO/src/SERVO_program.o
 .debug_aranges
                0x000001e8       0x20 main.o
 .debug_aranges
                0x00000208       0x28 MCAL/ADC/src/ADC_program.o
 .debug_aranges
                0x00000230       0x40 MCAL/DIO/src/DIO_program.o
 .debug_aranges
                0x00000270       0x28 MCAL/GI/src/GI_program.o
 .debug_aranges
                0x00000298       0x38 MCAL/PWM/src/PWM_program.o
 .debug_aranges
                0x000002d0       0x58 MCAL/TMR0/src/TMR0_program.o
 .debug_aranges
                0x00000328       0x60 MCAL/TWI/src/TWI_program.o
 .debug_aranges
                0x00000388       0x40 MCAL/UART/src/UART_program.o

.debug_pubnames
 *(.debug_pubnames)

.debug_info     0x00000000     0x4741
 *(.debug_info .gnu.linkonce.wi.*)
 .debug_info    0x00000000      0x4e6 C:/Program Files (x86)/Atmel/Studio/7.0/Packs/atmel/ATmega_DFP/1.7.374/gcc/dev/atmega32/avr5/crtatmega32.o
 .debug_info    0x000004e6     0x1b28 APP/src/SmartHome_Prog.o
 .debug_info    0x0000200e      0x1d2 HAL/BL/src/BL_program.o
 .debug_info    0x000021e0      0x557 HAL/EEPROM/src/EEPROM_program.o
 .debug_info    0x00002737      0x350 HAL/KPD/src/KeyPad_program.o
 .debug_info    0x00002a87      0xee1 HAL/LCD/src/LCD_PROGRAM.o
 .debug_info    0x00003968      0x20e HAL/LED/src/LED_program.o
 .debug_info    0x00003b76      0x14f HAL/SERVO/src/SERVO_program.o
 .debug_info    0x00003cc5      0x14f main.o
 .debug_info    0x00003e14      0x118 MCAL/ADC/src/ADC_program.o
 .debug_info    0x00003f2c      0x1ad MCAL/DIO/src/DIO_program.o
 .debug_info    0x000040d9       0x98 MCAL/GI/src/GI_program.o
 .debug_info    0x00004171      0x10d MCAL/PWM/src/PWM_program.o
 .debug_info    0x0000427e      0x19e MCAL/TMR0/src/TMR0_program.o
 .debug_info    0x0000441c      0x198 MCAL/TWI/src/TWI_program.o
 .debug_info    0x000045b4      0x18d MCAL/UART/src/UART_program.o

.debug_abbrev   0x00000000     0x11e5
 *(.debug_abbrev)
 .debug_abbrev  0x00000000      0x4a3 C:/Program Files (x86)/Atmel/Studio/7.0/Packs/atmel/ATmega_DFP/1.7.374/gcc/dev/atmega32/avr5/crtatmega32.o
 .debug_abbrev  0x000004a3      0x22c APP/src/SmartHome_Prog.o
 .debug_abbrev  0x000006cf       0x94 HAL/BL/src/BL_program.o
 .debug_abbrev  0x00000763      0x13f HAL/EEPROM/src/EEPROM_program.o
 .debug_abbrev  0x000008a2       0xe9 HAL/KPD/src/KeyPad_program.o
 .debug_abbrev  0x0000098b      0x221 HAL/LCD/src/LCD_PROGRAM.o
 .debug_abbrev  0x00000bac       0x8d HAL/LED/src/LED_program.o
 .debug_abbrev  0x00000c39       0xc1 HAL/SERVO/src/SERVO_program.o
 .debug_abbrev  0x00000cfa       0xc8 main.o
 .debug_abbrev  0x00000dc2       0x92 MCAL/ADC/src/ADC_program.o
 .debug_abbrev  0x00000e54       0x87 MCAL/DIO/src/DIO_program.o
 .debug_abbrev  0x00000edb       0x46 MCAL/GI/src/GI_program.o
 .debug_abbrev  0x00000f21       0x87 MCAL/PWM/src/PWM_program.o
 .debug_abbrev  0x00000fa8       0xcb MCAL/TMR0/src/TMR0_program.o
 .debug_abbrev  0x00001073       0x90 MCAL/TWI/src/TWI_program.o
 .debug_abbrev  0x00001103       0xe2 MCAL/UART/src/UART_program.o

.debug_line     0x00000000     0x2672
 *(.debug_line .debug_line.* .debug_line_end)
 .debug_line    0x00000000      0x116 C:/Program Files (x86)/Atmel/Studio/7.0/Packs/atmel/ATmega_DFP/1.7.374/gcc/dev/atmega32/avr5/crtatmega32.o
 .debug_line    0x00000116      0xd7a APP/src/SmartHome_Prog.o
 .debug_line    0x00000e90       0xe8 HAL/BL/src/BL_program.o
 .debug_line    0x00000f78      0x2f4 HAL/EEPROM/src/EEPROM_program.o
 .debug_line    0x0000126c      0x175 HAL/KPD/src/KeyPad_program.o
 .debug_line    0x000013e1      0x569 HAL/LCD/src/LCD_PROGRAM.o
 .debug_line    0x0000194a       0xf6 HAL/LED/src/LED_program.o
 .debug_line    0x00001a40       0xd9 HAL/SERVO/src/SERVO_program.o
 .debug_line    0x00001b19       0xdf main.o
 .debug_line    0x00001bf8      0x10c MCAL/ADC/src/ADC_program.o
 .debug_line    0x00001d04      0x2a4 MCAL/DIO/src/DIO_program.o
 .debug_line    0x00001fa8       0x82 MCAL/GI/src/GI_program.o
 .debug_line    0x0000202a      0x11d MCAL/PWM/src/PWM_program.o
 .debug_line    0x00002147      0x1a6 MCAL/TMR0/src/TMR0_program.o
 .debug_line    0x000022ed      0x23f MCAL/TWI/src/TWI_program.o
 .debug_line    0x0000252c      0x146 MCAL/UART/src/UART_program.o

.debug_frame    0x00000000      0x878
 *(.debug_frame)
 .debug_frame   0x00000000      0x150 APP/src/SmartHome_Prog.o
 .debug_frame   0x00000150       0x64 HAL/BL/src/BL_program.o
 .debug_frame   0x000001b4       0xbc HAL/EEPROM/src/EEPROM_program.o
 .debug_frame   0x00000270       0x80 HAL/KPD/src/KeyPad_program.o
 .debug_frame   0x000002f0      0x144 HAL/LCD/src/LCD_PROGRAM.o
 .debug_frame   0x00000434       0x54 HAL/LED/src/LED_program.o
 .debug_frame   0x00000488       0x34 HAL/SERVO/src/SERVO_program.o
 .debug_frame   0x000004bc       0x24 main.o
 .debug_frame   0x000004e0       0x34 MCAL/ADC/src/ADC_program.o
 .debug_frame   0x00000514       0x64 MCAL/DIO/src/DIO_program.o
 .debug_frame   0x00000578       0x34 MCAL/GI/src/GI_program.o
 .debug_frame   0x000005ac       0x74 MCAL/PWM/src/PWM_program.o
 .debug_frame   0x00000620      0x124 MCAL/TMR0/src/TMR0_program.o
 .debug_frame   0x00000744       0xa4 MCAL/TWI/src/TWI_program.o
 .debug_frame   0x000007e8       0x90 MCAL/UART/src/UART_program.o

.debug_str      0x00000000     0x124c
 *(.debug_str)
 .debug_str     0x00000000      0x196 C:/Program Files (x86)/Atmel/Studio/7.0/Packs/atmel/ATmega_DFP/1.7.374/gcc/dev/atmega32/avr5/crtatmega32.o
 .debug_str     0x00000196      0x812 APP/src/SmartHome_Prog.o
                                0x846 (size before relaxing)
 .debug_str     0x000009a8       0xc4 HAL/BL/src/BL_program.o
                                0x242 (size before relaxing)
 .debug_str     0x00000a6c      0x1fd HAL/EEPROM/src/EEPROM_program.o
                                0x3f8 (size before relaxing)
 .debug_str     0x00000c69       0xee HAL/KPD/src/KeyPad_program.o
                                0x287 (size before relaxing)
 .debug_str     0x00000d57      0x11a HAL/LCD/src/LCD_PROGRAM.o
                                0x3be (size before relaxing)
 .debug_str     0x00000e71       0x7d HAL/LED/src/LED_program.o
                                0x213 (size before relaxing)
 .debug_str     0x00000eee       0x9a HAL/SERVO/src/SERVO_program.o
                                0x21e (size before relaxing)
 .debug_str     0x00000f88       0x11 main.o
                                0x1e5 (size before relaxing)
 .debug_str     0x00000f99       0x61 MCAL/ADC/src/ADC_program.o
                                0x203 (size before relaxing)
 .debug_str     0x00000ffa       0x6e MCAL/DIO/src/DIO_program.o
                                0x22f (size before relaxing)
 .debug_str     0x00001068       0x2b MCAL/GI/src/GI_program.o
                                0x17f (size before relaxing)
 .debug_str     0x00001093       0x86 MCAL/PWM/src/PWM_program.o
                                0x1fe (size before relaxing)
 .debug_str     0x00001119       0x95 MCAL/TMR0/src/TMR0_program.o
                                0x229 (size before relaxing)
 .debug_str     0x000011ae       0x3c MCAL/TWI/src/TWI_program.o
                                0x2a1 (size before relaxing)
 .debug_str     0x000011ea       0x62 MCAL/UART/src/UART_program.o
                                0x217 (size before relaxing)

.debug_loc      0x00000000     0x2496
 *(.debug_loc)
 .debug_loc     0x00000000      0x9de APP/src/SmartHome_Prog.o
 .debug_loc     0x000009de       0x93 HAL/BL/src/BL_program.o
 .debug_loc     0x00000a71      0x47c HAL/EEPROM/src/EEPROM_program.o
 .debug_loc     0x00000eed      0x183 HAL/KPD/src/KeyPad_program.o
 .debug_loc     0x00001070      0x979 HAL/LCD/src/LCD_PROGRAM.o
 .debug_loc     0x000019e9      0x1e0 HAL/LED/src/LED_program.o
 .debug_loc     0x00001bc9       0x8e HAL/SERVO/src/SERVO_program.o
 .debug_loc     0x00001c57       0x8c MCAL/ADC/src/ADC_program.o
 .debug_loc     0x00001ce3      0x2e4 MCAL/DIO/src/DIO_program.o
 .debug_loc     0x00001fc7      0x109 MCAL/PWM/src/PWM_program.o
 .debug_loc     0x000020d0      0x196 MCAL/TMR0/src/TMR0_program.o
 .debug_loc     0x00002266       0xbf MCAL/TWI/src/TWI_program.o
 .debug_loc     0x00002325      0x171 MCAL/UART/src/UART_program.o

.debug_macinfo
 *(.debug_macinfo)

.debug_weaknames
 *(.debug_weaknames)

.debug_funcnames
 *(.debug_funcnames)

.debug_typenames
 *(.debug_typenames)

.debug_varnames
 *(.debug_varnames)

.debug_pubtypes
 *(.debug_pubtypes)

.debug_ranges   0x00000000      0x350
 *(.debug_ranges)
 .debug_ranges  0x00000000       0x88 APP/src/SmartHome_Prog.o
 .debug_ranges  0x00000088       0x30 HAL/BL/src/BL_program.o
 .debug_ranges  0x000000b8       0x30 HAL/EEPROM/src/EEPROM_program.o
 .debug_ranges  0x000000e8       0x18 HAL/KPD/src/KeyPad_program.o
 .debug_ranges  0x00000100       0x98 HAL/LCD/src/LCD_PROGRAM.o
 .debug_ranges  0x00000198       0x28 HAL/LED/src/LED_program.o
 .debug_ranges  0x000001c0       0x18 HAL/SERVO/src/SERVO_program.o
 .debug_ranges  0x000001d8       0x10 main.o
 .debug_ranges  0x000001e8       0x18 MCAL/ADC/src/ADC_program.o
 .debug_ranges  0x00000200       0x30 MCAL/DIO/src/DIO_program.o
 .debug_ranges  0x00000230       0x18 MCAL/GI/src/GI_program.o
 .debug_ranges  0x00000248       0x28 MCAL/PWM/src/PWM_program.o
 .debug_ranges  0x00000270       0x48 MCAL/TMR0/src/TMR0_program.o
 .debug_ranges  0x000002b8       0x50 MCAL/TWI/src/TWI_program.o
 .debug_ranges  0x00000308       0x48 MCAL/UART/src/UART_program.o

.debug_macro
 *(.debug_macro)
OUTPUT(Smart_Home.elf elf32-avr)
LOAD linker stubs
