Archive member included to satisfy reference by file (symbol)

c:/program files (x86)/atmel/studio/7.0/toolchain/avr8/avr8-gnu-toolchain/bin/../lib/gcc/avr/5.4.0/../../../../avr/lib/avr5\libm.a(addsf3.o)
                              MCAL/PWM/src/PWM_program.o (__subsf3)
c:/program files (x86)/atmel/studio/7.0/toolchain/avr8/avr8-gnu-toolchain/bin/../lib/gcc/avr/5.4.0/../../../../avr/lib/avr5\libm.a(addsf3x.o)
                              c:/program files (x86)/atmel/studio/7.0/toolchain/avr8/avr8-gnu-toolchain/bin/../lib/gcc/avr/5.4.0/../../../../avr/lib/avr5\libm.a(addsf3.o) (__addsf3x)
c:/program files (x86)/atmel/studio/7.0/toolchain/avr8/avr8-gnu-toolchain/bin/../lib/gcc/avr/5.4.0/../../../../avr/lib/avr5\libm.a(cmpsf2.o)
                              MCAL/PWM/src/PWM_program.o (__lesf2)
c:/program files (x86)/atmel/studio/7.0/toolchain/avr8/avr8-gnu-toolchain/bin/../lib/gcc/avr/5.4.0/../../../../avr/lib/avr5\libm.a(divsf3.o)
                              HAL/SERVO/src/SERVO_program.o (__divsf3)
c:/program files (x86)/atmel/studio/7.0/toolchain/avr8/avr8-gnu-toolchain/bin/../lib/gcc/avr/5.4.0/../../../../avr/lib/avr5\libm.a(divsf3x.o)
                              c:/program files (x86)/atmel/studio/7.0/toolchain/avr8/avr8-gnu-toolchain/bin/../lib/gcc/avr/5.4.0/../../../../avr/lib/avr5\libm.a(divsf3.o) (__divsf3x)
c:/program files (x86)/atmel/studio/7.0/toolchain/avr8/avr8-gnu-toolchain/bin/../lib/gcc/avr/5.4.0/../../../../avr/lib/avr5\libm.a(fixunssfsi.o)
                              MCAL/PWM/src/PWM_program.o (__fixunssfsi)
c:/program files (x86)/atmel/studio/7.0/toolchain/avr8/avr8-gnu-toolchain/bin/../lib/gcc/avr/5.4.0/../../../../avr/lib/avr5\libm.a(floatsisf.o)
                              APP/src/SmartHome_Prog.o (__floatunsisf)
c:/program files (x86)/atmel/studio/7.0/toolchain/avr8/avr8-gnu-toolchain/bin/../lib/gcc/avr/5.4.0/../../../../avr/lib/avr5\libm.a(fp_cmp.o)
                              c:/program files (x86)/atmel/studio/7.0/toolchain/avr8/avr8-gnu-toolchain/bin/../lib/gcc/avr/5.4.0/../../../../avr/lib/avr5\libm.a(cmpsf2.o) (__fp_cmp)
c:/program files (x86)/atmel/studio/7.0/toolchain/avr8/avr8-gnu-toolchain/bin/../lib/gcc/avr/5.4.0/../../../../avr/lib/avr5\libm.a(fp_inf.o)
                              c:/program files (x86)/atmel/studio/7.0/toolchain/avr8/avr8-gnu-toolchain/bin/../lib/gcc/avr/5.4.0/../../../../avr/lib/avr5\libm.a(addsf3x.o) (__fp_inf)
c:/program files (x86)/atmel/studio/7.0/toolchain/avr8/avr8-gnu-toolchain/bin/../lib/gcc/avr/5.4.0/../../../../avr/lib/avr5\libm.a(fp_nan.o)
                              c:/program files (x86)/atmel/studio/7.0/toolchain/avr8/avr8-gnu-toolchain/bin/../lib/gcc/avr/5.4.0/../../../../avr/lib/avr5\libm.a(addsf3x.o) (__fp_nan)
c:/program files (x86)/atmel/studio/7.0/toolchain/avr8/avr8-gnu-toolchain/bin/../lib/gcc/avr/5.4.0/../../../../avr/lib/avr5\libm.a(fp_pscA.o)
                              c:/program files (x86)/atmel/studio/7.0/toolchain/avr8/avr8-gnu-toolchain/bin/../lib/gcc/avr/5.4.0/../../../../avr/lib/avr5\libm.a(addsf3x.o) (__fp_pscA)
c:/program files (x86)/atmel/studio/7.0/toolchain/avr8/avr8-gnu-toolchain/bin/../lib/gcc/avr/5.4.0/../../../../avr/lib/avr5\libm.a(fp_pscB.o)
                              c:/program files (x86)/atmel/studio/7.0/toolchain/avr8/avr8-gnu-toolchain/bin/../lib/gcc/avr/5.4.0/../../../../avr/lib/avr5\libm.a(addsf3x.o) (__fp_pscB)
c:/program files (x86)/atmel/studio/7.0/toolchain/avr8/avr8-gnu-toolchain/bin/../lib/gcc/avr/5.4.0/../../../../avr/lib/avr5\libm.a(fp_round.o)
                              c:/program files (x86)/atmel/studio/7.0/toolchain/avr8/avr8-gnu-toolchain/bin/../lib/gcc/avr/5.4.0/../../../../avr/lib/avr5\libm.a(addsf3.o) (__fp_round)
c:/program files (x86)/atmel/studio/7.0/toolchain/avr8/avr8-gnu-toolchain/bin/../lib/gcc/avr/5.4.0/../../../../avr/lib/avr5\libm.a(fp_split3.o)
                              c:/program files (x86)/atmel/studio/7.0/toolchain/avr8/avr8-gnu-toolchain/bin/../lib/gcc/avr/5.4.0/../../../../avr/lib/avr5\libm.a(addsf3x.o) (__fp_split3)
c:/program files (x86)/atmel/studio/7.0/toolchain/avr8/avr8-gnu-toolchain/bin/../lib/gcc/avr/5.4.0/../../../../avr/lib/avr5\libm.a(fp_zero.o)
                              c:/program files (x86)/atmel/studio/7.0/toolchain/avr8/avr8-gnu-toolchain/bin/../lib/gcc/avr/5.4.0/../../../../avr/lib/avr5\libm.a(addsf3x.o) (__fp_zero)
c:/program files (x86)/atmel/studio/7.0/toolchain/avr8/avr8-gnu-toolchain/bin/../lib/gcc/avr/5.4.0/../../../../avr/lib/avr5\libm.a(mulsf3.o)
                              HAL/SERVO/src/SERVO_program.o (__mulsf3)
c:/program files (x86)/atmel/studio/7.0/toolchain/avr8/avr8-gnu-toolchain/bin/../lib/gcc/avr/5.4.0/../../../../avr/lib/avr5\libm.a(mulsf3x.o)
                              c:/program files (x86)/atmel/studio/7.0/toolchain/avr8/avr8-gnu-toolchain/bin/../lib/gcc/avr/5.4.0/../../../../avr/lib/avr5\libm.a(mulsf3.o) (__mulsf3x)
c:/program files (x86)/atmel/studio/7.0/toolchain/avr8/avr8-gnu-toolchain/bin/../lib/gcc/avr/5.4.0/avr5\libgcc.a(_udivmodsi4.o)
                              HAL/LCD/src/LCD_PROGRAM.o (__udivmodsi4)
c:/program files (x86)/atmel/studio/7.0/toolchain/avr8/avr8-gnu-toolchain/bin/../lib/gcc/avr/5.4.0/avr5\libgcc.a(_exit.o)
                              C:/Program Files (x86)/Atmel/Studio/7.0/Packs/atmel/ATmega_DFP/1.7.374/gcc/dev/atmega32/avr5/crtatmega32.o (exit)
c:/program files (x86)/atmel/studio/7.0/toolchain/avr8/avr8-gnu-toolchain/bin/../lib/gcc/avr/5.4.0/avr5\libgcc.a(_copy_data.o)
                              APP/src/SmartHome_Prog.o (__do_copy_data)
c:/program files (x86)/atmel/studio/7.0/toolchain/avr8/avr8-gnu-toolchain/bin/../lib/gcc/avr/5.4.0/avr5\libgcc.a(_clear_bss.o)
                              APP/src/SmartHome_Prog.o (__do_clear_bss)

Allocating common symbols
Common symbol       size              file

bluetooh_value      0x1               APP/src/SmartHome_Prog.o

Discarded input sections

 .data          0x00000000        0x0 C:/Program Files (x86)/Atmel/Studio/7.0/Packs/atmel/ATmega_DFP/1.7.374/gcc/dev/atmega32/avr5/crtatmega32.o
 .bss           0x00000000        0x0 C:/Program Files (x86)/Atmel/Studio/7.0/Packs/atmel/ATmega_DFP/1.7.374/gcc/dev/atmega32/avr5/crtatmega32.o
 .text          0x00000000        0x0 APP/src/SmartHome_Prog.o
 .data          0x00000000        0x0 APP/src/SmartHome_Prog.o
 .bss           0x00000000        0x0 APP/src/SmartHome_Prog.o
 .text.HOME_voidLocalGetUserAndPass
                0x00000000       0xf2 APP/src/SmartHome_Prog.o
 .text.HOME_voidRemoteGetUserAndPass
                0x00000000       0xe0 APP/src/SmartHome_Prog.o
 .text.HOME_voidCheckUserAndPass
                0x00000000      0x3c2 APP/src/SmartHome_Prog.o
 .text.HOME_voidChangeUserNameAndPass
                0x00000000      0x160 APP/src/SmartHome_Prog.o
 .text.HOME_voidFireAnALarm
                0x00000000       0x70 APP/src/SmartHome_Prog.o
 .text          0x00000000        0x0 HAL/BL/src/BL_program.o
 .data          0x00000000        0x0 HAL/BL/src/BL_program.o
 .bss           0x00000000        0x0 HAL/BL/src/BL_program.o
 .text.BL_voidRxString
                0x00000000        0x6 HAL/BL/src/BL_program.o
 .text          0x00000000        0x0 HAL/BUZZER/src/BUZZER_program.o
 .data          0x00000000        0x0 HAL/BUZZER/src/BUZZER_program.o
 .bss           0x00000000        0x0 HAL/BUZZER/src/BUZZER_program.o
 .text.BUZZER_voidInit
                0x00000000        0x8 HAL/BUZZER/src/BUZZER_program.o
 .text.BUZZER_voidOn
                0x00000000        0x8 HAL/BUZZER/src/BUZZER_program.o
 .text.BUZZER_voidOff
                0x00000000        0x8 HAL/BUZZER/src/BUZZER_program.o
 .text.BUZZER_voidToggle
                0x00000000        0x6 HAL/BUZZER/src/BUZZER_program.o
 .debug_info    0x00000000      0x1e6 HAL/BUZZER/src/BUZZER_program.o
 .debug_abbrev  0x00000000       0x80 HAL/BUZZER/src/BUZZER_program.o
 .debug_loc     0x00000000      0x108 HAL/BUZZER/src/BUZZER_program.o
 .debug_aranges
                0x00000000       0x38 HAL/BUZZER/src/BUZZER_program.o
 .debug_ranges  0x00000000       0x28 HAL/BUZZER/src/BUZZER_program.o
 .debug_line    0x00000000       0xd8 HAL/BUZZER/src/BUZZER_program.o
 .debug_str     0x00000000      0x227 HAL/BUZZER/src/BUZZER_program.o
 .comment       0x00000000       0x31 HAL/BUZZER/src/BUZZER_program.o
 .debug_frame   0x00000000       0x54 HAL/BUZZER/src/BUZZER_program.o
 .text          0x00000000        0x0 HAL/EEPROM/src/EEPROM_program.o
 .data          0x00000000        0x0 HAL/EEPROM/src/EEPROM_program.o
 .bss           0x00000000        0x0 HAL/EEPROM/src/EEPROM_program.o
 .text.EEPROM_voidWriteByte
                0x00000000       0x3c HAL/EEPROM/src/EEPROM_program.o
 .text.EEPROM_voidReadByte
                0x00000000       0x50 HAL/EEPROM/src/EEPROM_program.o
 .text.EEPROM_voidSequentialRead
                0x00000000       0x80 HAL/EEPROM/src/EEPROM_program.o
 .text          0x00000000        0x0 HAL/KPD/src/KeyPad_program.o
 .data          0x00000000        0x0 HAL/KPD/src/KeyPad_program.o
 .bss           0x00000000        0x0 HAL/KPD/src/KeyPad_program.o
 .text          0x00000000        0x0 HAL/LCD/src/LCD_PROGRAM.o
 .data          0x00000000        0x0 HAL/LCD/src/LCD_PROGRAM.o
 .bss           0x00000000        0x0 HAL/LCD/src/LCD_PROGRAM.o
 .text.LCD_voidShiftCursor
                0x00000000       0x6c HAL/LCD/src/LCD_PROGRAM.o
 .text.LCD_voidShiftDisplay
                0x00000000       0x6c HAL/LCD/src/LCD_PROGRAM.o
 .text.LCD_voidPwdEffect
                0x00000000       0x20 HAL/LCD/src/LCD_PROGRAM.o
 .text          0x00000000        0x0 HAL/LED/src/LED_program.o
 .data          0x00000000        0x0 HAL/LED/src/LED_program.o
 .bss           0x00000000        0x0 HAL/LED/src/LED_program.o
 .text.LED_voidToggle
                0x00000000        0x6 HAL/LED/src/LED_program.o
 .text          0x00000000        0x0 HAL/SERVO/src/SERVO_program.o
 .data          0x00000000        0x0 HAL/SERVO/src/SERVO_program.o
 .bss           0x00000000        0x0 HAL/SERVO/src/SERVO_program.o
 .text          0x00000000        0x0 main.o
 .data          0x00000000        0x0 main.o
 .bss           0x00000000        0x0 main.o
 .text          0x00000000        0x0 MCAL/ADC/src/ADC_program.o
 .data          0x00000000        0x0 MCAL/ADC/src/ADC_program.o
 .bss           0x00000000        0x0 MCAL/ADC/src/ADC_program.o
 .text          0x00000000        0x0 MCAL/DIO/src/DIO_program.o
 .data          0x00000000        0x0 MCAL/DIO/src/DIO_program.o
 .bss           0x00000000        0x0 MCAL/DIO/src/DIO_program.o
 .text.DIO_voidTogglePinValue
                0x00000000       0x70 MCAL/DIO/src/DIO_program.o
 .text          0x00000000        0x0 MCAL/GI/src/GI_program.o
 .data          0x00000000        0x0 MCAL/GI/src/GI_program.o
 .bss           0x00000000        0x0 MCAL/GI/src/GI_program.o
 .text.GI_voidDisable
                0x00000000        0x8 MCAL/GI/src/GI_program.o
 .text          0x00000000        0x0 MCAL/PWM/src/PWM_program.o
 .data          0x00000000        0x0 MCAL/PWM/src/PWM_program.o
 .bss           0x00000000        0x0 MCAL/PWM/src/PWM_program.o
 .text          0x00000000        0x0 MCAL/TMR0/src/TMR0_program.o
 .data          0x00000000        0x0 MCAL/TMR0/src/TMR0_program.o
 .bss           0x00000000        0x0 MCAL/TMR0/src/TMR0_program.o
 .text.TMR0_SetCallBackOVF
                0x00000000        0xe MCAL/TMR0/src/TMR0_program.o
 .text          0x00000000        0x0 MCAL/TWI/src/TWI_program.o
 .data          0x00000000        0x0 MCAL/TWI/src/TWI_program.o
 .bss           0x00000000        0x0 MCAL/TWI/src/TWI_program.o
 .text.TWI_voidSendRepeatedStartCondition
                0x00000000       0x1c MCAL/TWI/src/TWI_program.o
 .text.TWI_voidSendSlaveAddWithRead
                0x00000000       0x2a MCAL/TWI/src/TWI_program.o
 .text.TWI_voidRecieveMasterDataByteWithAch
                0x00000000       0x2c MCAL/TWI/src/TWI_program.o
 .text.TWI_voidRecieveMasterDataByteWithNAch
                0x00000000       0x20 MCAL/TWI/src/TWI_program.o
 .text          0x00000000        0x0 MCAL/UART/src/UART_program.o
 .data          0x00000000        0x0 MCAL/UART/src/UART_program.o
 .bss           0x00000000        0x0 MCAL/UART/src/UART_program.o
 .text.UART_voidRxString
                0x00000000       0x36 MCAL/UART/src/UART_program.o
 .text          0x00000000        0x0 c:/program files (x86)/atmel/studio/7.0/toolchain/avr8/avr8-gnu-toolchain/bin/../lib/gcc/avr/5.4.0/../../../../avr/lib/avr5\libm.a(addsf3.o)
 .data          0x00000000        0x0 c:/program files (x86)/atmel/studio/7.0/toolchain/avr8/avr8-gnu-toolchain/bin/../lib/gcc/avr/5.4.0/../../../../avr/lib/avr5\libm.a(addsf3.o)
 .bss           0x00000000        0x0 c:/program files (x86)/atmel/studio/7.0/toolchain/avr8/avr8-gnu-toolchain/bin/../lib/gcc/avr/5.4.0/../../../../avr/lib/avr5\libm.a(addsf3.o)
 .text          0x00000000        0x0 c:/program files (x86)/atmel/studio/7.0/toolchain/avr8/avr8-gnu-toolchain/bin/../lib/gcc/avr/5.4.0/../../../../avr/lib/avr5\libm.a(addsf3x.o)
 .data          0x00000000        0x0 c:/program files (x86)/atmel/studio/7.0/toolchain/avr8/avr8-gnu-toolchain/bin/../lib/gcc/avr/5.4.0/../../../../avr/lib/avr5\libm.a(addsf3x.o)
 .bss           0x00000000        0x0 c:/program files (x86)/atmel/studio/7.0/toolchain/avr8/avr8-gnu-toolchain/bin/../lib/gcc/avr/5.4.0/../../../../avr/lib/avr5\libm.a(addsf3x.o)
 .text          0x00000000        0x0 c:/program files (x86)/atmel/studio/7.0/toolchain/avr8/avr8-gnu-toolchain/bin/../lib/gcc/avr/5.4.0/../../../../avr/lib/avr5\libm.a(cmpsf2.o)
 .data          0x00000000        0x0 c:/program files (x86)/atmel/studio/7.0/toolchain/avr8/avr8-gnu-toolchain/bin/../lib/gcc/avr/5.4.0/../../../../avr/lib/avr5\libm.a(cmpsf2.o)
 .bss           0x00000000        0x0 c:/program files (x86)/atmel/studio/7.0/toolchain/avr8/avr8-gnu-toolchain/bin/../lib/gcc/avr/5.4.0/../../../../avr/lib/avr5\libm.a(cmpsf2.o)
 .text          0x00000000        0x0 c:/program files (x86)/atmel/studio/7.0/toolchain/avr8/avr8-gnu-toolchain/bin/../lib/gcc/avr/5.4.0/../../../../avr/lib/avr5\libm.a(divsf3.o)
 .data          0x00000000        0x0 c:/program files (x86)/atmel/studio/7.0/toolchain/avr8/avr8-gnu-toolchain/bin/../lib/gcc/avr/5.4.0/../../../../avr/lib/avr5\libm.a(divsf3.o)
 .bss           0x00000000        0x0 c:/program files (x86)/atmel/studio/7.0/toolchain/avr8/avr8-gnu-toolchain/bin/../lib/gcc/avr/5.4.0/../../../../avr/lib/avr5\libm.a(divsf3.o)
 .text          0x00000000        0x0 c:/program files (x86)/atmel/studio/7.0/toolchain/avr8/avr8-gnu-toolchain/bin/../lib/gcc/avr/5.4.0/../../../../avr/lib/avr5\libm.a(divsf3x.o)
 .data          0x00000000        0x0 c:/program files (x86)/atmel/studio/7.0/toolchain/avr8/avr8-gnu-toolchain/bin/../lib/gcc/avr/5.4.0/../../../../avr/lib/avr5\libm.a(divsf3x.o)
 .bss           0x00000000        0x0 c:/program files (x86)/atmel/studio/7.0/toolchain/avr8/avr8-gnu-toolchain/bin/../lib/gcc/avr/5.4.0/../../../../avr/lib/avr5\libm.a(divsf3x.o)
 .text          0x00000000        0x0 c:/program files (x86)/atmel/studio/7.0/toolchain/avr8/avr8-gnu-toolchain/bin/../lib/gcc/avr/5.4.0/../../../../avr/lib/avr5\libm.a(fixunssfsi.o)
 .data          0x00000000        0x0 c:/program files (x86)/atmel/studio/7.0/toolchain/avr8/avr8-gnu-toolchain/bin/../lib/gcc/avr/5.4.0/../../../../avr/lib/avr5\libm.a(fixunssfsi.o)
 .bss           0x00000000        0x0 c:/program files (x86)/atmel/studio/7.0/toolchain/avr8/avr8-gnu-toolchain/bin/../lib/gcc/avr/5.4.0/../../../../avr/lib/avr5\libm.a(fixunssfsi.o)
 .text          0x00000000        0x0 c:/program files (x86)/atmel/studio/7.0/toolchain/avr8/avr8-gnu-toolchain/bin/../lib/gcc/avr/5.4.0/../../../../avr/lib/avr5\libm.a(floatsisf.o)
 .data          0x00000000        0x0 c:/program files (x86)/atmel/studio/7.0/toolchain/avr8/avr8-gnu-toolchain/bin/../lib/gcc/avr/5.4.0/../../../../avr/lib/avr5\libm.a(floatsisf.o)
 .bss           0x00000000        0x0 c:/program files (x86)/atmel/studio/7.0/toolchain/avr8/avr8-gnu-toolchain/bin/../lib/gcc/avr/5.4.0/../../../../avr/lib/avr5\libm.a(floatsisf.o)
 .text          0x00000000        0x0 c:/program files (x86)/atmel/studio/7.0/toolchain/avr8/avr8-gnu-toolchain/bin/../lib/gcc/avr/5.4.0/../../../../avr/lib/avr5\libm.a(fp_cmp.o)
 .data          0x00000000        0x0 c:/program files (x86)/atmel/studio/7.0/toolchain/avr8/avr8-gnu-toolchain/bin/../lib/gcc/avr/5.4.0/../../../../avr/lib/avr5\libm.a(fp_cmp.o)
 .bss           0x00000000        0x0 c:/program files (x86)/atmel/studio/7.0/toolchain/avr8/avr8-gnu-toolchain/bin/../lib/gcc/avr/5.4.0/../../../../avr/lib/avr5\libm.a(fp_cmp.o)
 .text          0x00000000        0x0 c:/program files (x86)/atmel/studio/7.0/toolchain/avr8/avr8-gnu-toolchain/bin/../lib/gcc/avr/5.4.0/../../../../avr/lib/avr5\libm.a(fp_inf.o)
 .data          0x00000000        0x0 c:/program files (x86)/atmel/studio/7.0/toolchain/avr8/avr8-gnu-toolchain/bin/../lib/gcc/avr/5.4.0/../../../../avr/lib/avr5\libm.a(fp_inf.o)
 .bss           0x00000000        0x0 c:/program files (x86)/atmel/studio/7.0/toolchain/avr8/avr8-gnu-toolchain/bin/../lib/gcc/avr/5.4.0/../../../../avr/lib/avr5\libm.a(fp_inf.o)
 .text          0x00000000        0x0 c:/program files (x86)/atmel/studio/7.0/toolchain/avr8/avr8-gnu-toolchain/bin/../lib/gcc/avr/5.4.0/../../../../avr/lib/avr5\libm.a(fp_nan.o)
 .data          0x00000000        0x0 c:/program files (x86)/atmel/studio/7.0/toolchain/avr8/avr8-gnu-toolchain/bin/../lib/gcc/avr/5.4.0/../../../../avr/lib/avr5\libm.a(fp_nan.o)
 .bss           0x00000000        0x0 c:/program files (x86)/atmel/studio/7.0/toolchain/avr8/avr8-gnu-toolchain/bin/../lib/gcc/avr/5.4.0/../../../../avr/lib/avr5\libm.a(fp_nan.o)
 .text          0x00000000        0x0 c:/program files (x86)/atmel/studio/7.0/toolchain/avr8/avr8-gnu-toolchain/bin/../lib/gcc/avr/5.4.0/../../../../avr/lib/avr5\libm.a(fp_pscA.o)
 .data          0x00000000        0x0 c:/program files (x86)/atmel/studio/7.0/toolchain/avr8/avr8-gnu-toolchain/bin/../lib/gcc/avr/5.4.0/../../../../avr/lib/avr5\libm.a(fp_pscA.o)
 .bss           0x00000000        0x0 c:/program files (x86)/atmel/studio/7.0/toolchain/avr8/avr8-gnu-toolchain/bin/../lib/gcc/avr/5.4.0/../../../../avr/lib/avr5\libm.a(fp_pscA.o)
 .text          0x00000000        0x0 c:/program files (x86)/atmel/studio/7.0/toolchain/avr8/avr8-gnu-toolchain/bin/../lib/gcc/avr/5.4.0/../../../../avr/lib/avr5\libm.a(fp_pscB.o)
 .data          0x00000000        0x0 c:/program files (x86)/atmel/studio/7.0/toolchain/avr8/avr8-gnu-toolchain/bin/../lib/gcc/avr/5.4.0/../../../../avr/lib/avr5\libm.a(fp_pscB.o)
 .bss           0x00000000        0x0 c:/program files (x86)/atmel/studio/7.0/toolchain/avr8/avr8-gnu-toolchain/bin/../lib/gcc/avr/5.4.0/../../../../avr/lib/avr5\libm.a(fp_pscB.o)
 .text          0x00000000        0x0 c:/program files (x86)/atmel/studio/7.0/toolchain/avr8/avr8-gnu-toolchain/bin/../lib/gcc/avr/5.4.0/../../../../avr/lib/avr5\libm.a(fp_round.o)
 .data          0x00000000        0x0 c:/program files (x86)/atmel/studio/7.0/toolchain/avr8/avr8-gnu-toolchain/bin/../lib/gcc/avr/5.4.0/../../../../avr/lib/avr5\libm.a(fp_round.o)
 .bss           0x00000000        0x0 c:/program files (x86)/atmel/studio/7.0/toolchain/avr8/avr8-gnu-toolchain/bin/../lib/gcc/avr/5.4.0/../../../../avr/lib/avr5\libm.a(fp_round.o)
 .text          0x00000000        0x0 c:/program files (x86)/atmel/studio/7.0/toolchain/avr8/avr8-gnu-toolchain/bin/../lib/gcc/avr/5.4.0/../../../../avr/lib/avr5\libm.a(fp_split3.o)
 .data          0x00000000        0x0 c:/program files (x86)/atmel/studio/7.0/toolchain/avr8/avr8-gnu-toolchain/bin/../lib/gcc/avr/5.4.0/../../../../avr/lib/avr5\libm.a(fp_split3.o)
 .bss           0x00000000        0x0 c:/program files (x86)/atmel/studio/7.0/toolchain/avr8/avr8-gnu-toolchain/bin/../lib/gcc/avr/5.4.0/../../../../avr/lib/avr5\libm.a(fp_split3.o)
 .text          0x00000000        0x0 c:/program files (x86)/atmel/studio/7.0/toolchain/avr8/avr8-gnu-toolchain/bin/../lib/gcc/avr/5.4.0/../../../../avr/lib/avr5\libm.a(fp_zero.o)
 .data          0x00000000        0x0 c:/program files (x86)/atmel/studio/7.0/toolchain/avr8/avr8-gnu-toolchain/bin/../lib/gcc/avr/5.4.0/../../../../avr/lib/avr5\libm.a(fp_zero.o)
 .bss           0x00000000        0x0 c:/program files (x86)/atmel/studio/7.0/toolchain/avr8/avr8-gnu-toolchain/bin/../lib/gcc/avr/5.4.0/../../../../avr/lib/avr5\libm.a(fp_zero.o)
 .text          0x00000000        0x0 c:/program files (x86)/atmel/studio/7.0/toolchain/avr8/avr8-gnu-toolchain/bin/../lib/gcc/avr/5.4.0/../../../../avr/lib/avr5\libm.a(mulsf3.o)
 .data          0x00000000        0x0 c:/program files (x86)/atmel/studio/7.0/toolchain/avr8/avr8-gnu-toolchain/bin/../lib/gcc/avr/5.4.0/../../../../avr/lib/avr5\libm.a(mulsf3.o)
 .bss           0x00000000        0x0 c:/program files (x86)/atmel/studio/7.0/toolchain/avr8/avr8-gnu-toolchain/bin/../lib/gcc/avr/5.4.0/../../../../avr/lib/avr5\libm.a(mulsf3.o)
 .text          0x00000000        0x0 c:/program files (x86)/atmel/studio/7.0/toolchain/avr8/avr8-gnu-toolchain/bin/../lib/gcc/avr/5.4.0/../../../../avr/lib/avr5\libm.a(mulsf3x.o)
 .data          0x00000000        0x0 c:/program files (x86)/atmel/studio/7.0/toolchain/avr8/avr8-gnu-toolchain/bin/../lib/gcc/avr/5.4.0/../../../../avr/lib/avr5\libm.a(mulsf3x.o)
 .bss           0x00000000        0x0 c:/program files (x86)/atmel/studio/7.0/toolchain/avr8/avr8-gnu-toolchain/bin/../lib/gcc/avr/5.4.0/../../../../avr/lib/avr5\libm.a(mulsf3x.o)
 .text          0x00000000        0x0 c:/program files (x86)/atmel/studio/7.0/toolchain/avr8/avr8-gnu-toolchain/bin/../lib/gcc/avr/5.4.0/avr5\libgcc.a(_udivmodsi4.o)
 .data          0x00000000        0x0 c:/program files (x86)/atmel/studio/7.0/toolchain/avr8/avr8-gnu-toolchain/bin/../lib/gcc/avr/5.4.0/avr5\libgcc.a(_udivmodsi4.o)
 .bss           0x00000000        0x0 c:/program files (x86)/atmel/studio/7.0/toolchain/avr8/avr8-gnu-toolchain/bin/../lib/gcc/avr/5.4.0/avr5\libgcc.a(_udivmodsi4.o)
 .text.libgcc.mul
                0x00000000        0x0 c:/program files (x86)/atmel/studio/7.0/toolchain/avr8/avr8-gnu-toolchain/bin/../lib/gcc/avr/5.4.0/avr5\libgcc.a(_udivmodsi4.o)
 .text.libgcc   0x00000000        0x0 c:/program files (x86)/atmel/studio/7.0/toolchain/avr8/avr8-gnu-toolchain/bin/../lib/gcc/avr/5.4.0/avr5\libgcc.a(_udivmodsi4.o)
 .text.libgcc.prologue
                0x00000000        0x0 c:/program files (x86)/atmel/studio/7.0/toolchain/avr8/avr8-gnu-toolchain/bin/../lib/gcc/avr/5.4.0/avr5\libgcc.a(_udivmodsi4.o)
 .text.libgcc.builtins
                0x00000000        0x0 c:/program files (x86)/atmel/studio/7.0/toolchain/avr8/avr8-gnu-toolchain/bin/../lib/gcc/avr/5.4.0/avr5\libgcc.a(_udivmodsi4.o)
 .text.libgcc.fmul
                0x00000000        0x0 c:/program files (x86)/atmel/studio/7.0/toolchain/avr8/avr8-gnu-toolchain/bin/../lib/gcc/avr/5.4.0/avr5\libgcc.a(_udivmodsi4.o)
 .text.libgcc.fixed
                0x00000000        0x0 c:/program files (x86)/atmel/studio/7.0/toolchain/avr8/avr8-gnu-toolchain/bin/../lib/gcc/avr/5.4.0/avr5\libgcc.a(_udivmodsi4.o)
 .text          0x00000000        0x0 c:/program files (x86)/atmel/studio/7.0/toolchain/avr8/avr8-gnu-toolchain/bin/../lib/gcc/avr/5.4.0/avr5\libgcc.a(_exit.o)
 .data          0x00000000        0x0 c:/program files (x86)/atmel/studio/7.0/toolchain/avr8/avr8-gnu-toolchain/bin/../lib/gcc/avr/5.4.0/avr5\libgcc.a(_exit.o)
 .bss           0x00000000        0x0 c:/program files (x86)/atmel/studio/7.0/toolchain/avr8/avr8-gnu-toolchain/bin/../lib/gcc/avr/5.4.0/avr5\libgcc.a(_exit.o)
 .text.libgcc.mul
                0x00000000        0x0 c:/program files (x86)/atmel/studio/7.0/toolchain/avr8/avr8-gnu-toolchain/bin/../lib/gcc/avr/5.4.0/avr5\libgcc.a(_exit.o)
 .text.libgcc.div
                0x00000000        0x0 c:/program files (x86)/atmel/studio/7.0/toolchain/avr8/avr8-gnu-toolchain/bin/../lib/gcc/avr/5.4.0/avr5\libgcc.a(_exit.o)
 .text.libgcc   0x00000000        0x0 c:/program files (x86)/atmel/studio/7.0/toolchain/avr8/avr8-gnu-toolchain/bin/../lib/gcc/avr/5.4.0/avr5\libgcc.a(_exit.o)
 .text.libgcc.prologue
                0x00000000        0x0 c:/program files (x86)/atmel/studio/7.0/toolchain/avr8/avr8-gnu-toolchain/bin/../lib/gcc/avr/5.4.0/avr5\libgcc.a(_exit.o)
 .text.libgcc.builtins
                0x00000000        0x0 c:/program files (x86)/atmel/studio/7.0/toolchain/avr8/avr8-gnu-toolchain/bin/../lib/gcc/avr/5.4.0/avr5\libgcc.a(_exit.o)
 .text.libgcc.fmul
                0x00000000        0x0 c:/program files (x86)/atmel/studio/7.0/toolchain/avr8/avr8-gnu-toolchain/bin/../lib/gcc/avr/5.4.0/avr5\libgcc.a(_exit.o)
 .text.libgcc.fixed
                0x00000000        0x0 c:/program files (x86)/atmel/studio/7.0/toolchain/avr8/avr8-gnu-toolchain/bin/../lib/gcc/avr/5.4.0/avr5\libgcc.a(_exit.o)
 .text          0x00000000        0x0 c:/program files (x86)/atmel/studio/7.0/toolchain/avr8/avr8-gnu-toolchain/bin/../lib/gcc/avr/5.4.0/avr5\libgcc.a(_copy_data.o)
 .data          0x00000000        0x0 c:/program files (x86)/atmel/studio/7.0/toolchain/avr8/avr8-gnu-toolchain/bin/../lib/gcc/avr/5.4.0/avr5\libgcc.a(_copy_data.o)
 .bss           0x00000000        0x0 c:/program files (x86)/atmel/studio/7.0/toolchain/avr8/avr8-gnu-toolchain/bin/../lib/gcc/avr/5.4.0/avr5\libgcc.a(_copy_data.o)
 .text.libgcc.mul
                0x00000000        0x0 c:/program files (x86)/atmel/studio/7.0/toolchain/avr8/avr8-gnu-toolchain/bin/../lib/gcc/avr/5.4.0/avr5\libgcc.a(_copy_data.o)
 .text.libgcc.div
                0x00000000        0x0 c:/program files (x86)/atmel/studio/7.0/toolchain/avr8/avr8-gnu-toolchain/bin/../lib/gcc/avr/5.4.0/avr5\libgcc.a(_copy_data.o)
 .text.libgcc   0x00000000        0x0 c:/program files (x86)/atmel/studio/7.0/toolchain/avr8/avr8-gnu-toolchain/bin/../lib/gcc/avr/5.4.0/avr5\libgcc.a(_copy_data.o)
 .text.libgcc.prologue
                0x00000000        0x0 c:/program files (x86)/atmel/studio/7.0/toolchain/avr8/avr8-gnu-toolchain/bin/../lib/gcc/avr/5.4.0/avr5\libgcc.a(_copy_data.o)
 .text.libgcc.builtins
                0x00000000        0x0 c:/program files (x86)/atmel/studio/7.0/toolchain/avr8/avr8-gnu-toolchain/bin/../lib/gcc/avr/5.4.0/avr5\libgcc.a(_copy_data.o)
 .text.libgcc.fmul
                0x00000000        0x0 c:/program files (x86)/atmel/studio/7.0/toolchain/avr8/avr8-gnu-toolchain/bin/../lib/gcc/avr/5.4.0/avr5\libgcc.a(_copy_data.o)
 .text.libgcc.fixed
                0x00000000        0x0 c:/program files (x86)/atmel/studio/7.0/toolchain/avr8/avr8-gnu-toolchain/bin/../lib/gcc/avr/5.4.0/avr5\libgcc.a(_copy_data.o)
 .text          0x00000000        0x0 c:/program files (x86)/atmel/studio/7.0/toolchain/avr8/avr8-gnu-toolchain/bin/../lib/gcc/avr/5.4.0/avr5\libgcc.a(_clear_bss.o)
 .data          0x00000000        0x0 c:/program files (x86)/atmel/studio/7.0/toolchain/avr8/avr8-gnu-toolchain/bin/../lib/gcc/avr/5.4.0/avr5\libgcc.a(_clear_bss.o)
 .bss           0x00000000        0x0 c:/program files (x86)/atmel/studio/7.0/toolchain/avr8/avr8-gnu-toolchain/bin/../lib/gcc/avr/5.4.0/avr5\libgcc.a(_clear_bss.o)
 .text.libgcc.mul
                0x00000000        0x0 c:/program files (x86)/atmel/studio/7.0/toolchain/avr8/avr8-gnu-toolchain/bin/../lib/gcc/avr/5.4.0/avr5\libgcc.a(_clear_bss.o)
 .text.libgcc.div
                0x00000000        0x0 c:/program files (x86)/atmel/studio/7.0/toolchain/avr8/avr8-gnu-toolchain/bin/../lib/gcc/avr/5.4.0/avr5\libgcc.a(_clear_bss.o)
 .text.libgcc   0x00000000        0x0 c:/program files (x86)/atmel/studio/7.0/toolchain/avr8/avr8-gnu-toolchain/bin/../lib/gcc/avr/5.4.0/avr5\libgcc.a(_clear_bss.o)
 .text.libgcc.prologue
                0x00000000        0x0 c:/program files (x86)/atmel/studio/7.0/toolchain/avr8/avr8-gnu-toolchain/bin/../lib/gcc/avr/5.4.0/avr5\libgcc.a(_clear_bss.o)
 .text.libgcc.builtins
                0x00000000        0x0 c:/program files (x86)/atmel/studio/7.0/toolchain/avr8/avr8-gnu-toolchain/bin/../lib/gcc/avr/5.4.0/avr5\libgcc.a(_clear_bss.o)
 .text.libgcc.fmul
                0x00000000        0x0 c:/program files (x86)/atmel/studio/7.0/toolchain/avr8/avr8-gnu-toolchain/bin/../lib/gcc/avr/5.4.0/avr5\libgcc.a(_clear_bss.o)
 .text.libgcc.fixed
                0x00000000        0x0 c:/program files (x86)/atmel/studio/7.0/toolchain/avr8/avr8-gnu-toolchain/bin/../lib/gcc/avr/5.4.0/avr5\libgcc.a(_clear_bss.o)

Memory Configuration

Name             Origin             Length             Attributes
text             0x00000000         0x00008000         xr
data             0x00800060         0x00000800         rw !x
eeprom           0x00810000         0x00000400         rw !x
fuse             0x00820000         0x00000002         rw !x
lock             0x00830000         0x00000400         rw !x
signature        0x00840000         0x00000400         rw !x
user_signatures  0x00850000         0x00000400         rw !x
*default*        0x00000000         0xffffffff

Linker script and memory map

LOAD C:/Program Files (x86)/Atmel/Studio/7.0/Packs/atmel/ATmega_DFP/1.7.374/gcc/dev/atmega32/avr5/crtatmega32.o
LOAD APP/src/SmartHome_Prog.o
LOAD HAL/BL/src/BL_program.o
LOAD HAL/BUZZER/src/BUZZER_program.o
LOAD HAL/EEPROM/src/EEPROM_program.o
LOAD HAL/KPD/src/KeyPad_program.o
LOAD HAL/LCD/src/LCD_PROGRAM.o
LOAD HAL/LED/src/LED_program.o
LOAD HAL/SERVO/src/SERVO_program.o
LOAD main.o
LOAD MCAL/ADC/src/ADC_program.o
LOAD MCAL/DIO/src/DIO_program.o
LOAD MCAL/GI/src/GI_program.o
LOAD MCAL/PWM/src/PWM_program.o
LOAD MCAL/TMR0/src/TMR0_program.o
LOAD MCAL/TWI/src/TWI_program.o
LOAD MCAL/UART/src/UART_program.o
START GROUP
LOAD c:/program files (x86)/atmel/studio/7.0/toolchain/avr8/avr8-gnu-toolchain/bin/../lib/gcc/avr/5.4.0/../../../../avr/lib/avr5\libm.a
END GROUP
START GROUP
LOAD c:/program files (x86)/atmel/studio/7.0/toolchain/avr8/avr8-gnu-toolchain/bin/../lib/gcc/avr/5.4.0/avr5\libgcc.a
LOAD c:/program files (x86)/atmel/studio/7.0/toolchain/avr8/avr8-gnu-toolchain/bin/../lib/gcc/avr/5.4.0/../../../../avr/lib/avr5\libm.a
LOAD c:/program files (x86)/atmel/studio/7.0/toolchain/avr8/avr8-gnu-toolchain/bin/../lib/gcc/avr/5.4.0/../../../../avr/lib/avr5\libc.a
LOAD C:/Program Files (x86)/Atmel/Studio/7.0/Packs/atmel/ATmega_DFP/1.7.374/gcc/dev/atmega32/avr5\libatmega32.a
END GROUP
                0x00000000                __TEXT_REGION_ORIGIN__ = DEFINED (__TEXT_REGION_ORIGIN__)?__TEXT_REGION_ORIGIN__:0x0
                [0x00800060]                __DATA_REGION_ORIGIN__ = DEFINED (__DATA_REGION_ORIGIN__)?__DATA_REGION_ORIGIN__:0x800060
                [0x00008000]                __TEXT_REGION_LENGTH__ = DEFINED (__TEXT_REGION_LENGTH__)?__TEXT_REGION_LENGTH__:0x20000
                [0x00000800]                __DATA_REGION_LENGTH__ = DEFINED (__DATA_REGION_LENGTH__)?__DATA_REGION_LENGTH__:0xffa0
                [0x00000400]                __EEPROM_REGION_LENGTH__ = DEFINED (__EEPROM_REGION_LENGTH__)?__EEPROM_REGION_LENGTH__:0x10000
                [0x00000002]                __FUSE_REGION_LENGTH__ = DEFINED (__FUSE_REGION_LENGTH__)?__FUSE_REGION_LENGTH__:0x400
                0x00000400                __LOCK_REGION_LENGTH__ = DEFINED (__LOCK_REGION_LENGTH__)?__LOCK_REGION_LENGTH__:0x400
                0x00000400                __SIGNATURE_REGION_LENGTH__ = DEFINED (__SIGNATURE_REGION_LENGTH__)?__SIGNATURE_REGION_LENGTH__:0x400
                0x00000400                __USER_SIGNATURE_REGION_LENGTH__ = DEFINED (__USER_SIGNATURE_REGION_LENGTH__)?__USER_SIGNATURE_REGION_LENGTH__:0x400

.hash
 *(.hash)

.dynsym
 *(.dynsym)

.dynstr
 *(.dynstr)

.gnu.version
 *(.gnu.version)

.gnu.version_d
 *(.gnu.version_d)

.gnu.version_r
 *(.gnu.version_r)

.rel.init
 *(.rel.init)

.rela.init
 *(.rela.init)

.rel.text
 *(.rel.text)
 *(.rel.text.*)
 *(.rel.gnu.linkonce.t*)

.rela.text
 *(.rela.text)
 *(.rela.text.*)
 *(.rela.gnu.linkonce.t*)

.rel.fini
 *(.rel.fini)

.rela.fini
 *(.rela.fini)

.rel.rodata
 *(.rel.rodata)
 *(.rel.rodata.*)
 *(.rel.gnu.linkonce.r*)

.rela.rodata
 *(.rela.rodata)
 *(.rela.rodata.*)
 *(.rela.gnu.linkonce.r*)

.rel.data
 *(.rel.data)
 *(.rel.data.*)
 *(.rel.gnu.linkonce.d*)

.rela.data
 *(.rela.data)
 *(.rela.data.*)
 *(.rela.gnu.linkonce.d*)

.rel.ctors
 *(.rel.ctors)

.rela.ctors
 *(.rela.ctors)

.rel.dtors
 *(.rel.dtors)

.rela.dtors
 *(.rela.dtors)

.rel.got
 *(.rel.got)

.rela.got
 *(.rela.got)

.rel.bss
 *(.rel.bss)

.rela.bss
 *(.rela.bss)

.rel.plt
 *(.rel.plt)

.rela.plt
 *(.rela.plt)

.text           0x00000000     0x1ca2
 *(.vectors)
 .vectors       0x00000000       0x54 C:/Program Files (x86)/Atmel/Studio/7.0/Packs/atmel/ATmega_DFP/1.7.374/gcc/dev/atmega32/avr5/crtatmega32.o
                0x00000000                __vector_default
                0x00000000                __vectors
 *(.vectors)
 *(.progmem.gcc*)
                0x00000054                . = ALIGN (0x2)
                0x00000054                __trampolines_start = .
 *(.trampolines)
 .trampolines   0x00000054        0x0 linker stubs
 *(.trampolines*)
                0x00000054                __trampolines_end = .
 *libprintf_flt.a:*(.progmem.data)
 *libc.a:*(.progmem.data)
 *(.progmem*)
                0x00000054                . = ALIGN (0x2)
 *(.jumptables)
 *(.jumptables*)
 *(.lowtext)
 *(.lowtext*)
                0x00000054                __ctors_start = .
 *(.ctors)
                0x00000054                __ctors_end = .
                0x00000054                __dtors_start = .
 *(.dtors)
                0x00000054                __dtors_end = .
 SORT(*)(.ctors)
 SORT(*)(.dtors)
 *(.init0)
 .init0         0x00000054        0x0 C:/Program Files (x86)/Atmel/Studio/7.0/Packs/atmel/ATmega_DFP/1.7.374/gcc/dev/atmega32/avr5/crtatmega32.o
                0x00000054                __init
 *(.init0)
 *(.init1)
 *(.init1)
 *(.init2)
 .init2         0x00000054        0xc C:/Program Files (x86)/Atmel/Studio/7.0/Packs/atmel/ATmega_DFP/1.7.374/gcc/dev/atmega32/avr5/crtatmega32.o
 *(.init2)
 *(.init3)
 *(.init3)
 *(.init4)
 .init4         0x00000060       0x16 c:/program files (x86)/atmel/studio/7.0/toolchain/avr8/avr8-gnu-toolchain/bin/../lib/gcc/avr/5.4.0/avr5\libgcc.a(_copy_data.o)
                0x00000060                __do_copy_data
 .init4         0x00000076       0x10 c:/program files (x86)/atmel/studio/7.0/toolchain/avr8/avr8-gnu-toolchain/bin/../lib/gcc/avr/5.4.0/avr5\libgcc.a(_clear_bss.o)
                0x00000076                __do_clear_bss
 *(.init4)
 *(.init5)
 *(.init5)
 *(.init6)
 *(.init6)
 *(.init7)
 *(.init7)
 *(.init8)
 *(.init8)
 *(.init9)
 .init9         0x00000086        0x8 C:/Program Files (x86)/Atmel/Studio/7.0/Packs/atmel/ATmega_DFP/1.7.374/gcc/dev/atmega32/avr5/crtatmega32.o
 *(.init9)
 *(.text)
 .text          0x0000008e        0x4 C:/Program Files (x86)/Atmel/Studio/7.0/Packs/atmel/ATmega_DFP/1.7.374/gcc/dev/atmega32/avr5/crtatmega32.o
                0x0000008e                __vector_1
                0x0000008e                __vector_12
                0x0000008e                __bad_interrupt
                0x0000008e                __vector_6
                0x0000008e                __vector_3
                0x0000008e                __vector_13
                0x0000008e                __vector_17
                0x0000008e                __vector_19
                0x0000008e                __vector_7
                0x0000008e                __vector_5
                0x0000008e                __vector_4
                0x0000008e                __vector_9
                0x0000008e                __vector_2
                0x0000008e                __vector_15
                0x0000008e                __vector_8
                0x0000008e                __vector_14
                0x0000008e                __vector_16
                0x0000008e                __vector_18
                0x0000008e                __vector_20
                0x00000092                . = ALIGN (0x2)
 *(.text.*)
 .text.HOME_voidInit
                0x00000092       0x78 APP/src/SmartHome_Prog.o
                0x00000092                HOME_voidInit
 .text.KPD_Interface_RemoteAdmin
                0x0000010a       0x44 APP/src/SmartHome_Prog.o
                0x0000010a                KPD_Interface_RemoteAdmin
 .text.WelcomeScreen
                0x0000014e       0x2a APP/src/SmartHome_Prog.o
                0x0000014e                WelcomeScreen
 .text.APP_init
                0x00000178      0x102 APP/src/SmartHome_Prog.o
                0x00000178                APP_init
 .text.Display_temp
                0x0000027a       0x22 APP/src/SmartHome_Prog.o
                0x0000027a                Display_temp
 .text.Idle_Action
                0x0000029c       0x4c APP/src/SmartHome_Prog.o
                0x0000029c                Idle_Action
 .text.Reset_AllKPDValues
                0x000002e8       0x14 APP/src/SmartHome_Prog.o
                0x000002e8                Reset_AllKPDValues
 .text.KPD_Interface_user
                0x000002fc      0x718 APP/src/SmartHome_Prog.o
                0x000002fc                KPD_Interface_user
 .text.BL_voidInit
                0x00000a14        0x6 HAL/BL/src/BL_program.o
                0x00000a14                BL_voidInit
 .text.BL_voidTxChar
                0x00000a1a        0x6 HAL/BL/src/BL_program.o
                0x00000a1a                BL_voidTxChar
 .text.BL_voidRxChar
                0x00000a20        0x6 HAL/BL/src/BL_program.o
                0x00000a20                BL_voidRxChar
 .text.BL_voidTxString
                0x00000a26        0x6 HAL/BL/src/BL_program.o
                0x00000a26                BL_voidTxString
 .text.EEPROM_voidInit
                0x00000a2c        0x6 HAL/EEPROM/src/EEPROM_program.o
                0x00000a2c                EEPROM_voidInit
 .text.EEPROM_voidWritePage
                0x00000a32       0x56 HAL/EEPROM/src/EEPROM_program.o
                0x00000a32                EEPROM_voidWritePage
 .text.KPD_voidInit
                0x00000a88       0x68 HAL/KPD/src/KeyPad_program.o
                0x00000a88                KPD_voidInit
 .text.KPD_voidGetValue
                0x00000af0      0x158 HAL/KPD/src/KeyPad_program.o
                0x00000af0                KPD_voidGetValue
 .text.PRV_voidWriteHalfPort
                0x00000c48       0x70 HAL/LCD/src/LCD_PROGRAM.o
 .text.LCD_voidSendCommand
                0x00000cb8       0x6c HAL/LCD/src/LCD_PROGRAM.o
                0x00000cb8                LCD_voidSendCommand
 .text.LCD_voidInit
                0x00000d24       0xc4 HAL/LCD/src/LCD_PROGRAM.o
                0x00000d24                LCD_voidInit
 .text.LCD_voidDisplayChar
                0x00000de8       0x6c HAL/LCD/src/LCD_PROGRAM.o
                0x00000de8                LCD_voidDisplayChar
 .text.LCD_voidDisplayString
                0x00000e54       0x2c HAL/LCD/src/LCD_PROGRAM.o
                0x00000e54                LCD_voidDisplayString
 .text.LCD_voidDisplayStringDelay
                0x00000e80       0x3e HAL/LCD/src/LCD_PROGRAM.o
                0x00000e80                LCD_voidDisplayStringDelay
 .text.LCD_voidDisplayNumber
                0x00000ebe       0xa6 HAL/LCD/src/LCD_PROGRAM.o
                0x00000ebe                LCD_voidDisplayNumber
 .text.LCD_voidClear
                0x00000f64       0x62 HAL/LCD/src/LCD_PROGRAM.o
                0x00000f64                LCD_voidClear
 .text.LCD_voidGoTOSpecificPosition
                0x00000fc6       0x36 HAL/LCD/src/LCD_PROGRAM.o
                0x00000fc6                LCD_voidGoTOSpecificPosition
 .text.LED_voidInit
                0x00000ffc        0x8 HAL/LED/src/LED_program.o
                0x00000ffc                LED_voidInit
 .text.LED_voidOn
                0x00001004       0x1a HAL/LED/src/LED_program.o
                0x00001004                LED_voidOn
 .text.LED_voidOff
                0x0000101e       0x1a HAL/LED/src/LED_program.o
                0x0000101e                LED_voidOff
 .text.SERVO_voidInit
                0x00001038        0xc HAL/SERVO/src/SERVO_program.o
                0x00001038                SERVO_voidInit
 .text.SERVO_voidStartByAngle
                0x00001044       0x32 HAL/SERVO/src/SERVO_program.o
                0x00001044                SERVO_voidStartByAngle
 .text.main     0x00001076       0x3a main.o
                0x00001076                main
 .text.ADC_voidInit
                0x000010b0       0x60 MCAL/ADC/src/ADC_program.o
                0x000010b0                ADC_voidInit
 .text.ADC_voidGetDigitalValue
                0x00001110       0x36 MCAL/ADC/src/ADC_program.o
                0x00001110                ADC_voidGetDigitalValue
 .text.DIO_voidSetPinDirection
                0x00001146      0x100 MCAL/DIO/src/DIO_program.o
                0x00001146                DIO_voidSetPinDirection
 .text.DIO_voidSetPinValue
                0x00001246      0x100 MCAL/DIO/src/DIO_program.o
                0x00001246                DIO_voidSetPinValue
 .text.DIO_voidGetPinValue
                0x00001346       0x76 MCAL/DIO/src/DIO_program.o
                0x00001346                DIO_voidGetPinValue
 .text.DIO_voidActivePinInPullUpResistance
                0x000013bc       0x70 MCAL/DIO/src/DIO_program.o
                0x000013bc                DIO_voidActivePinInPullUpResistance
 .text.GI_voidEnable
                0x0000142c        0x8 MCAL/GI/src/GI_program.o
                0x0000142c                GI_voidEnable
 .text.PWM_voidInitChannel_1A
                0x00001434       0x26 MCAL/PWM/src/PWM_program.o
                0x00001434                PWM_voidInitChannel_1A
 .text.PWM_voidInitChannel_1B
                0x0000145a       0x26 MCAL/PWM/src/PWM_program.o
                0x0000145a                PWM_voidInitChannel_1B
 .text.PWM_voidGenerateChannel_1A
                0x00001480       0x98 MCAL/PWM/src/PWM_program.o
                0x00001480                PWM_voidGenerateChannel_1A
 .text.PWM_voidGenerateChannel_1B
                0x00001518       0x98 MCAL/PWM/src/PWM_program.o
                0x00001518                PWM_voidGenerateChannel_1B
 .text.TMR0_voidInit
                0x000015b0       0x24 MCAL/TMR0/src/TMR0_program.o
                0x000015b0                TMR0_voidInit
 .text.TMR0_voidStart
                0x000015d4       0x1c MCAL/TMR0/src/TMR0_program.o
                0x000015d4                TMR0_voidStart
 .text.TMR0_voidStop
                0x000015f0       0x14 MCAL/TMR0/src/TMR0_program.o
                0x000015f0                TMR0_voidStop
 .text.TMR0_SetCallBackCTC
                0x00001604        0xe MCAL/TMR0/src/TMR0_program.o
                0x00001604                TMR0_SetCallBackCTC
 .text.TMR0clear_flag
                0x00001612        0xe MCAL/TMR0/src/TMR0_program.o
                0x00001612                TMR0clear_flag
 .text.__vector_11
                0x00001620       0x76 MCAL/TMR0/src/TMR0_program.o
                0x00001620                __vector_11
 .text.__vector_10
                0x00001696       0x76 MCAL/TMR0/src/TMR0_program.o
                0x00001696                __vector_10
 .text.TWI_voidInitMaster
                0x0000170c       0x18 MCAL/TWI/src/TWI_program.o
                0x0000170c                TWI_voidInitMaster
 .text.TWI_voidSendStartCondition
                0x00001724       0x1c MCAL/TWI/src/TWI_program.o
                0x00001724                TWI_voidSendStartCondition
 .text.TWI_voidSendStopCondition
                0x00001740        0xe MCAL/TWI/src/TWI_program.o
                0x00001740                TWI_voidSendStopCondition
 .text.TWI_voidSendSlaveAddWithWrite
                0x0000174e       0x2a MCAL/TWI/src/TWI_program.o
                0x0000174e                TWI_voidSendSlaveAddWithWrite
 .text.TWI_voidTransmitMasterDataByte
                0x00001778       0x18 MCAL/TWI/src/TWI_program.o
                0x00001778                TWI_voidTransmitMasterDataByte
 .text.UART_voidInit
                0x00001790       0x22 MCAL/UART/src/UART_program.o
                0x00001790                UART_voidInit
 .text.UART_voidTxChar
                0x000017b2        0x8 MCAL/UART/src/UART_program.o
                0x000017b2                UART_voidTxChar
 .text.UART_voidRxChar
                0x000017ba       0x10 MCAL/UART/src/UART_program.o
                0x000017ba                UART_voidRxChar
 .text.UART_voidTxString
                0x000017ca       0x2c MCAL/UART/src/UART_program.o
                0x000017ca                UART_voidTxString
 .text.avr-libc.fplib
                0x000017f6        0xe c:/program files (x86)/atmel/studio/7.0/toolchain/avr8/avr8-gnu-toolchain/bin/../lib/gcc/avr/5.4.0/../../../../avr/lib/avr5\libm.a(addsf3.o)
                0x000017f6                __subsf3
                0x000017f8                __addsf3
 .text.avr-libc.fplib
                0x00001804       0xcc c:/program files (x86)/atmel/studio/7.0/toolchain/avr8/avr8-gnu-toolchain/bin/../lib/gcc/avr/5.4.0/../../../../avr/lib/avr5\libm.a(addsf3x.o)
                0x00001826                __addsf3x
 .text.avr-libc.fplib
                0x000018d0        0xa c:/program files (x86)/atmel/studio/7.0/toolchain/avr8/avr8-gnu-toolchain/bin/../lib/gcc/avr/5.4.0/../../../../avr/lib/avr5\libm.a(cmpsf2.o)
                0x000018d0                __nesf2
                0x000018d0                __eqsf2
                0x000018d0                __cmpsf2
                0x000018d0                __ltsf2
                0x000018d0                __lesf2
 .text.avr-libc.fplib
                0x000018da        0x8 c:/program files (x86)/atmel/studio/7.0/toolchain/avr8/avr8-gnu-toolchain/bin/../lib/gcc/avr/5.4.0/../../../../avr/lib/avr5\libm.a(divsf3.o)
                0x000018da                __divsf3
 .text.avr-libc.fplib
                0x000018e2       0xdc c:/program files (x86)/atmel/studio/7.0/toolchain/avr8/avr8-gnu-toolchain/bin/../lib/gcc/avr/5.4.0/../../../../avr/lib/avr5\libm.a(divsf3x.o)
                0x00001902                __divsf3x
                0x00001908                __divsf3_pse
 .text.avr-libc.fplib
                0x000019be       0x5e c:/program files (x86)/atmel/studio/7.0/toolchain/avr8/avr8-gnu-toolchain/bin/../lib/gcc/avr/5.4.0/../../../../avr/lib/avr5\libm.a(fixunssfsi.o)
                0x000019be                __fixunssfsi
 .text.avr-libc.fplib
                0x00001a1c       0x7a c:/program files (x86)/atmel/studio/7.0/toolchain/avr8/avr8-gnu-toolchain/bin/../lib/gcc/avr/5.4.0/../../../../avr/lib/avr5\libm.a(floatsisf.o)
                0x00001a1c                __floatunsisf
                0x00001a20                __floatsisf
 .text.avr-libc.fplib
                0x00001a96       0x48 c:/program files (x86)/atmel/studio/7.0/toolchain/avr8/avr8-gnu-toolchain/bin/../lib/gcc/avr/5.4.0/../../../../avr/lib/avr5\libm.a(fp_cmp.o)
                0x00001a96                __fp_cmp
 .text.avr-libc.fplib
                0x00001ade        0xc c:/program files (x86)/atmel/studio/7.0/toolchain/avr8/avr8-gnu-toolchain/bin/../lib/gcc/avr/5.4.0/../../../../avr/lib/avr5\libm.a(fp_inf.o)
                0x00001ade                __fp_inf
 .text.avr-libc.fplib
                0x00001aea        0x6 c:/program files (x86)/atmel/studio/7.0/toolchain/avr8/avr8-gnu-toolchain/bin/../lib/gcc/avr/5.4.0/../../../../avr/lib/avr5\libm.a(fp_nan.o)
                0x00001aea                __fp_nan
 .text.avr-libc.fplib
                0x00001af0        0xe c:/program files (x86)/atmel/studio/7.0/toolchain/avr8/avr8-gnu-toolchain/bin/../lib/gcc/avr/5.4.0/../../../../avr/lib/avr5\libm.a(fp_pscA.o)
                0x00001af0                __fp_pscA
 .text.avr-libc.fplib
                0x00001afe        0xe c:/program files (x86)/atmel/studio/7.0/toolchain/avr8/avr8-gnu-toolchain/bin/../lib/gcc/avr/5.4.0/../../../../avr/lib/avr5\libm.a(fp_pscB.o)
                0x00001afe                __fp_pscB
 .text.avr-libc.fplib
                0x00001b0c       0x22 c:/program files (x86)/atmel/studio/7.0/toolchain/avr8/avr8-gnu-toolchain/bin/../lib/gcc/avr/5.4.0/../../../../avr/lib/avr5\libm.a(fp_round.o)
                0x00001b0c                __fp_round
 .text.avr-libc.fplib
                0x00001b2e       0x44 c:/program files (x86)/atmel/studio/7.0/toolchain/avr8/avr8-gnu-toolchain/bin/../lib/gcc/avr/5.4.0/../../../../avr/lib/avr5\libm.a(fp_split3.o)
                0x00001b2e                __fp_split3
                0x00001b3e                __fp_splitA
 .text.avr-libc.fplib
                0x00001b72        0xe c:/program files (x86)/atmel/studio/7.0/toolchain/avr8/avr8-gnu-toolchain/bin/../lib/gcc/avr/5.4.0/../../../../avr/lib/avr5\libm.a(fp_zero.o)
                0x00001b72                __fp_zero
                0x00001b74                __fp_szero
 .text.avr-libc.fplib
                0x00001b80        0x8 c:/program files (x86)/atmel/studio/7.0/toolchain/avr8/avr8-gnu-toolchain/bin/../lib/gcc/avr/5.4.0/../../../../avr/lib/avr5\libm.a(mulsf3.o)
                0x00001b80                __mulsf3
 .text.avr-libc.fplib
                0x00001b88       0xd2 c:/program files (x86)/atmel/studio/7.0/toolchain/avr8/avr8-gnu-toolchain/bin/../lib/gcc/avr/5.4.0/../../../../avr/lib/avr5\libm.a(mulsf3x.o)
                0x00001ba6                __mulsf3x
                0x00001bac                __mulsf3_pse
 .text.libgcc.div
                0x00001c5a       0x44 c:/program files (x86)/atmel/studio/7.0/toolchain/avr8/avr8-gnu-toolchain/bin/../lib/gcc/avr/5.4.0/avr5\libgcc.a(_udivmodsi4.o)
                0x00001c5a                __udivmodsi4
                0x00001c9e                . = ALIGN (0x2)
 *(.fini9)
 .fini9         0x00001c9e        0x0 c:/program files (x86)/atmel/studio/7.0/toolchain/avr8/avr8-gnu-toolchain/bin/../lib/gcc/avr/5.4.0/avr5\libgcc.a(_exit.o)
                0x00001c9e                _exit
                0x00001c9e                exit
 *(.fini9)
 *(.fini8)
 *(.fini8)
 *(.fini7)
 *(.fini7)
 *(.fini6)
 *(.fini6)
 *(.fini5)
 *(.fini5)
 *(.fini4)
 *(.fini4)
 *(.fini3)
 *(.fini3)
 *(.fini2)
 *(.fini2)
 *(.fini1)
 *(.fini1)
 *(.fini0)
 .fini0         0x00001c9e        0x4 c:/program files (x86)/atmel/studio/7.0/toolchain/avr8/avr8-gnu-toolchain/bin/../lib/gcc/avr/5.4.0/avr5\libgcc.a(_exit.o)
 *(.fini0)
                0x00001ca2                _etext = .

.data           0x00800060      0x34c load address 0x00001ca2
                0x00800060                PROVIDE (__data_start, .)
 *(.data)
 *(.data*)
 .data.local_KPDSelectValue
                0x00800060        0x1 APP/src/SmartHome_Prog.o
                0x00800060                local_KPDSelectValue
 .data.local_KPDIdleValue
                0x00800061        0x1 APP/src/SmartHome_Prog.o
                0x00800061                local_KPDIdleValue
 .data.local_lightStatus
                0x00800062        0x1 APP/src/SmartHome_Prog.o
                0x00800062                local_lightStatus
 .data.local_lightNum
                0x00800063        0x1 APP/src/SmartHome_Prog.o
                0x00800063                local_lightNum
 .data.Local_copyKPDValue
                0x00800064        0x1 APP/src/SmartHome_Prog.o
                0x00800064                Local_copyKPDValue
 .data.global_accessType
                0x00800065        0x1 APP/src/SmartHome_Prog.o
                0x00800065                global_accessType
 .data.user_type
                0x00800066        0x1 main.o
                0x00800066                user_type
 *(.gnu.linkonce.d*)
 *(.rodata)
 .rodata        0x00800067        0xc HAL/KPD/src/KeyPad_program.o
 *(.rodata*)
 .rodata.str1.1
                0x00800073      0x32a APP/src/SmartHome_Prog.o
                                0x335 (size before relaxing)
 .rodata.str1.1
                0x0080039d        0xe main.o
 *(.gnu.linkonce.r*)
                0x008003ac                . = ALIGN (0x2)
 *fill*         0x008003ab        0x1 
                0x008003ac                _edata = .
                0x008003ac                PROVIDE (__data_end, .)

.bss            0x008003ac        0xa
                0x008003ac                PROVIDE (__bss_start, .)
 *(.bss)
 *(.bss*)
 .bss.local_temp
                0x008003ac        0x1 APP/src/SmartHome_Prog.o
                0x008003ac                local_temp
 .bss.dimmer_brightness
                0x008003ad        0x1 APP/src/SmartHome_Prog.o
                0x008003ad                dimmer_brightness
 .bss.led_status
                0x008003ae        0x1 APP/src/SmartHome_Prog.o
                0x008003ae                led_status
 .bss.local_u16Counter
                0x008003af        0x2 MCAL/TMR0/src/TMR0_program.o
 .bss.PRV_pFunCallBackCTC
                0x008003b1        0x2 MCAL/TMR0/src/TMR0_program.o
 .bss.PRV_pFunCallBackOVF
                0x008003b3        0x2 MCAL/TMR0/src/TMR0_program.o
 *(COMMON)
 COMMON         0x008003b5        0x1 APP/src/SmartHome_Prog.o
                0x008003b5                bluetooh_value
                0x008003b6                PROVIDE (__bss_end, .)
                0x00001ca2                __data_load_start = LOADADDR (.data)
                0x00001fee                __data_load_end = (__data_load_start + SIZEOF (.data))

.noinit         0x008003b6        0x0
                [!provide]                PROVIDE (__noinit_start, .)
 *(.noinit*)
                [!provide]                PROVIDE (__noinit_end, .)
                0x008003b6                _end = .
                [!provide]                PROVIDE (__heap_start, .)

.eeprom         0x00810000        0x0
 *(.eeprom*)
                0x00810000                __eeprom_end = .

.fuse
 *(.fuse)
 *(.lfuse)
 *(.hfuse)
 *(.efuse)

.lock
 *(.lock*)

.signature
 *(.signature*)

.user_signatures
 *(.user_signatures*)

.stab
 *(.stab)

.stabstr
 *(.stabstr)

.stab.excl
 *(.stab.excl)

.stab.exclstr
 *(.stab.exclstr)

.stab.index
 *(.stab.index)

.stab.indexstr
 *(.stab.indexstr)

.comment        0x00000000       0x30
 *(.comment)
 .comment       0x00000000       0x30 APP/src/SmartHome_Prog.o
                                 0x31 (size before relaxing)
 .comment       0x00000030       0x31 HAL/BL/src/BL_program.o
 .comment       0x00000030       0x31 HAL/EEPROM/src/EEPROM_program.o
 .comment       0x00000030       0x31 HAL/KPD/src/KeyPad_program.o
 .comment       0x00000030       0x31 HAL/LCD/src/LCD_PROGRAM.o
 .comment       0x00000030       0x31 HAL/LED/src/LED_program.o
 .comment       0x00000030       0x31 HAL/SERVO/src/SERVO_program.o
 .comment       0x00000030       0x31 main.o
 .comment       0x00000030       0x31 MCAL/ADC/src/ADC_program.o
 .comment       0x00000030       0x31 MCAL/DIO/src/DIO_program.o
 .comment       0x00000030       0x31 MCAL/GI/src/GI_program.o
 .comment       0x00000030       0x31 MCAL/PWM/src/PWM_program.o
 .comment       0x00000030       0x31 MCAL/TMR0/src/TMR0_program.o
 .comment       0x00000030       0x31 MCAL/TWI/src/TWI_program.o
 .comment       0x00000030       0x31 MCAL/UART/src/UART_program.o

.note.gnu.avr.deviceinfo
                0x00000000       0x3c
 .note.gnu.avr.deviceinfo
                0x00000000       0x3c C:/Program Files (x86)/Atmel/Studio/7.0/Packs/atmel/ATmega_DFP/1.7.374/gcc/dev/atmega32/avr5/crtatmega32.o

.note.gnu.build-id
 *(.note.gnu.build-id)

.debug
 *(.debug)

.line
 *(.line)

.debug_srcinfo
 *(.debug_srcinfo)

.debug_sfnames
 *(.debug_sfnames)

.debug_aranges  0x00000000      0x3e0
 *(.debug_aranges)
 .debug_aranges
                0x00000000       0x80 APP/src/SmartHome_Prog.o
 .debug_aranges
                0x00000080       0x40 HAL/BL/src/BL_program.o
 .debug_aranges
                0x000000c0       0x40 HAL/EEPROM/src/EEPROM_program.o
 .debug_aranges
                0x00000100       0x28 HAL/KPD/src/KeyPad_program.o
 .debug_aranges
                0x00000128       0x78 HAL/LCD/src/LCD_PROGRAM.o
 .debug_aranges
                0x000001a0       0x38 HAL/LED/src/LED_program.o
 .debug_aranges
                0x000001d8       0x28 HAL/SERVO/src/SERVO_program.o
 .debug_aranges
                0x00000200       0x20 main.o
 .debug_aranges
                0x00000220       0x28 MCAL/ADC/src/ADC_program.o
 .debug_aranges
                0x00000248       0x40 MCAL/DIO/src/DIO_program.o
 .debug_aranges
                0x00000288       0x28 MCAL/GI/src/GI_program.o
 .debug_aranges
                0x000002b0       0x38 MCAL/PWM/src/PWM_program.o
 .debug_aranges
                0x000002e8       0x58 MCAL/TMR0/src/TMR0_program.o
 .debug_aranges
                0x00000340       0x60 MCAL/TWI/src/TWI_program.o
 .debug_aranges
                0x000003a0       0x40 MCAL/UART/src/UART_program.o

.debug_pubnames
 *(.debug_pubnames)

.debug_info     0x00000000     0x5017
 *(.debug_info .gnu.linkonce.wi.*)
 .debug_info    0x00000000      0x4e6 C:/Program Files (x86)/Atmel/Studio/7.0/Packs/atmel/ATmega_DFP/1.7.374/gcc/dev/atmega32/avr5/crtatmega32.o
 .debug_info    0x000004e6     0x2407 APP/src/SmartHome_Prog.o
 .debug_info    0x000028ed      0x1d2 HAL/BL/src/BL_program.o
 .debug_info    0x00002abf      0x557 HAL/EEPROM/src/EEPROM_program.o
 .debug_info    0x00003016      0x350 HAL/KPD/src/KeyPad_program.o
 .debug_info    0x00003366      0xee1 HAL/LCD/src/LCD_PROGRAM.o
 .debug_info    0x00004247      0x20e HAL/LED/src/LED_program.o
 .debug_info    0x00004455      0x14f HAL/SERVO/src/SERVO_program.o
 .debug_info    0x000045a4      0x137 main.o
 .debug_info    0x000046db      0x118 MCAL/ADC/src/ADC_program.o
 .debug_info    0x000047f3      0x1ad MCAL/DIO/src/DIO_program.o
 .debug_info    0x000049a0       0x98 MCAL/GI/src/GI_program.o
 .debug_info    0x00004a38      0x11c MCAL/PWM/src/PWM_program.o
 .debug_info    0x00004b54      0x19e MCAL/TMR0/src/TMR0_program.o
 .debug_info    0x00004cf2      0x198 MCAL/TWI/src/TWI_program.o
 .debug_info    0x00004e8a      0x18d MCAL/UART/src/UART_program.o

.debug_abbrev   0x00000000     0x11fa
 *(.debug_abbrev)
 .debug_abbrev  0x00000000      0x4a3 C:/Program Files (x86)/Atmel/Studio/7.0/Packs/atmel/ATmega_DFP/1.7.374/gcc/dev/atmega32/avr5/crtatmega32.o
 .debug_abbrev  0x000004a3      0x253 APP/src/SmartHome_Prog.o
 .debug_abbrev  0x000006f6       0x94 HAL/BL/src/BL_program.o
 .debug_abbrev  0x0000078a      0x13f HAL/EEPROM/src/EEPROM_program.o
 .debug_abbrev  0x000008c9       0xe9 HAL/KPD/src/KeyPad_program.o
 .debug_abbrev  0x000009b2      0x221 HAL/LCD/src/LCD_PROGRAM.o
 .debug_abbrev  0x00000bd3       0x8d HAL/LED/src/LED_program.o
 .debug_abbrev  0x00000c60       0xc1 HAL/SERVO/src/SERVO_program.o
 .debug_abbrev  0x00000d21       0xb6 main.o
 .debug_abbrev  0x00000dd7       0x92 MCAL/ADC/src/ADC_program.o
 .debug_abbrev  0x00000e69       0x87 MCAL/DIO/src/DIO_program.o
 .debug_abbrev  0x00000ef0       0x46 MCAL/GI/src/GI_program.o
 .debug_abbrev  0x00000f36       0x87 MCAL/PWM/src/PWM_program.o
 .debug_abbrev  0x00000fbd       0xcb MCAL/TMR0/src/TMR0_program.o
 .debug_abbrev  0x00001088       0x90 MCAL/TWI/src/TWI_program.o
 .debug_abbrev  0x00001118       0xe2 MCAL/UART/src/UART_program.o

.debug_line     0x00000000     0x2a11
 *(.debug_line .debug_line.* .debug_line_end)
 .debug_line    0x00000000      0x116 C:/Program Files (x86)/Atmel/Studio/7.0/Packs/atmel/ATmega_DFP/1.7.374/gcc/dev/atmega32/avr5/crtatmega32.o
 .debug_line    0x00000116     0x1110 APP/src/SmartHome_Prog.o
 .debug_line    0x00001226       0xe8 HAL/BL/src/BL_program.o
 .debug_line    0x0000130e      0x2f4 HAL/EEPROM/src/EEPROM_program.o
 .debug_line    0x00001602      0x175 HAL/KPD/src/KeyPad_program.o
 .debug_line    0x00001777      0x569 HAL/LCD/src/LCD_PROGRAM.o
 .debug_line    0x00001ce0       0xf6 HAL/LED/src/LED_program.o
 .debug_line    0x00001dd6       0xd9 HAL/SERVO/src/SERVO_program.o
 .debug_line    0x00001eaf       0xce main.o
 .debug_line    0x00001f7d      0x10c MCAL/ADC/src/ADC_program.o
 .debug_line    0x00002089      0x2a4 MCAL/DIO/src/DIO_program.o
 .debug_line    0x0000232d       0x82 MCAL/GI/src/GI_program.o
 .debug_line    0x000023af      0x137 MCAL/PWM/src/PWM_program.o
 .debug_line    0x000024e6      0x1a6 MCAL/TMR0/src/TMR0_program.o
 .debug_line    0x0000268c      0x23f MCAL/TWI/src/TWI_program.o
 .debug_line    0x000028cb      0x146 MCAL/UART/src/UART_program.o

.debug_frame    0x00000000      0x8fc
 *(.debug_frame)
 .debug_frame   0x00000000      0x1b4 APP/src/SmartHome_Prog.o
 .debug_frame   0x000001b4       0x64 HAL/BL/src/BL_program.o
 .debug_frame   0x00000218       0xbc HAL/EEPROM/src/EEPROM_program.o
 .debug_frame   0x000002d4       0x80 HAL/KPD/src/KeyPad_program.o
 .debug_frame   0x00000354      0x144 HAL/LCD/src/LCD_PROGRAM.o
 .debug_frame   0x00000498       0x54 HAL/LED/src/LED_program.o
 .debug_frame   0x000004ec       0x34 HAL/SERVO/src/SERVO_program.o
 .debug_frame   0x00000520       0x24 main.o
 .debug_frame   0x00000544       0x34 MCAL/ADC/src/ADC_program.o
 .debug_frame   0x00000578       0x64 MCAL/DIO/src/DIO_program.o
 .debug_frame   0x000005dc       0x34 MCAL/GI/src/GI_program.o
 .debug_frame   0x00000610       0x94 MCAL/PWM/src/PWM_program.o
 .debug_frame   0x000006a4      0x124 MCAL/TMR0/src/TMR0_program.o
 .debug_frame   0x000007c8       0xa4 MCAL/TWI/src/TWI_program.o
 .debug_frame   0x0000086c       0x90 MCAL/UART/src/UART_program.o

.debug_str      0x00000000     0x13bd
 *(.debug_str)
 .debug_str     0x00000000      0x196 C:/Program Files (x86)/Atmel/Studio/7.0/Packs/atmel/ATmega_DFP/1.7.374/gcc/dev/atmega32/avr5/crtatmega32.o
 .debug_str     0x00000196      0x9fa APP/src/SmartHome_Prog.o
                                0xa2e (size before relaxing)
 .debug_str     0x00000b90       0xc4 HAL/BL/src/BL_program.o
                                0x242 (size before relaxing)
 .debug_str     0x00000c54      0x1d4 HAL/EEPROM/src/EEPROM_program.o
                                0x3f8 (size before relaxing)
 .debug_str     0x00000e28       0xee HAL/KPD/src/KeyPad_program.o
                                0x287 (size before relaxing)
 .debug_str     0x00000f16      0x11a HAL/LCD/src/LCD_PROGRAM.o
                                0x3be (size before relaxing)
 .debug_str     0x00001030       0x7d HAL/LED/src/LED_program.o
                                0x213 (size before relaxing)
 .debug_str     0x000010ad       0x83 HAL/SERVO/src/SERVO_program.o
                                0x21e (size before relaxing)
 .debug_str     0x00001130       0x1b main.o
                                0x1f1 (size before relaxing)
 .debug_str     0x0000114b       0x61 MCAL/ADC/src/ADC_program.o
                                0x203 (size before relaxing)
 .debug_str     0x000011ac       0x6e MCAL/DIO/src/DIO_program.o
                                0x22f (size before relaxing)
 .debug_str     0x0000121a       0x2b MCAL/GI/src/GI_program.o
                                0x17f (size before relaxing)
 .debug_str     0x00001245       0x45 MCAL/PWM/src/PWM_program.o
                                0x1ef (size before relaxing)
 .debug_str     0x0000128a       0x95 MCAL/TMR0/src/TMR0_program.o
                                0x229 (size before relaxing)
 .debug_str     0x0000131f       0x3c MCAL/TWI/src/TWI_program.o
                                0x2a1 (size before relaxing)
 .debug_str     0x0000135b       0x62 MCAL/UART/src/UART_program.o
                                0x217 (size before relaxing)

.debug_loc      0x00000000     0x27fb
 *(.debug_loc)
 .debug_loc     0x00000000      0xc92 APP/src/SmartHome_Prog.o
 .debug_loc     0x00000c92       0x93 HAL/BL/src/BL_program.o
 .debug_loc     0x00000d25      0x47c HAL/EEPROM/src/EEPROM_program.o
 .debug_loc     0x000011a1      0x183 HAL/KPD/src/KeyPad_program.o
 .debug_loc     0x00001324      0x979 HAL/LCD/src/LCD_PROGRAM.o
 .debug_loc     0x00001c9d      0x1e0 HAL/LED/src/LED_program.o
 .debug_loc     0x00001e7d       0x8e HAL/SERVO/src/SERVO_program.o
 .debug_loc     0x00001f0b       0x8c MCAL/ADC/src/ADC_program.o
 .debug_loc     0x00001f97      0x2e4 MCAL/DIO/src/DIO_program.o
 .debug_loc     0x0000227b      0x1ba MCAL/PWM/src/PWM_program.o
 .debug_loc     0x00002435      0x196 MCAL/TMR0/src/TMR0_program.o
 .debug_loc     0x000025cb       0xbf MCAL/TWI/src/TWI_program.o
 .debug_loc     0x0000268a      0x171 MCAL/UART/src/UART_program.o

.debug_macinfo
 *(.debug_macinfo)

.debug_weaknames
 *(.debug_weaknames)

.debug_funcnames
 *(.debug_funcnames)

.debug_typenames
 *(.debug_typenames)

.debug_varnames
 *(.debug_varnames)

.debug_pubtypes
 *(.debug_pubtypes)

.debug_ranges   0x00000000      0x368
 *(.debug_ranges)
 .debug_ranges  0x00000000       0xa0 APP/src/SmartHome_Prog.o
 .debug_ranges  0x000000a0       0x30 HAL/BL/src/BL_program.o
 .debug_ranges  0x000000d0       0x30 HAL/EEPROM/src/EEPROM_program.o
 .debug_ranges  0x00000100       0x18 HAL/KPD/src/KeyPad_program.o
 .debug_ranges  0x00000118       0x98 HAL/LCD/src/LCD_PROGRAM.o
 .debug_ranges  0x000001b0       0x28 HAL/LED/src/LED_program.o
 .debug_ranges  0x000001d8       0x18 HAL/SERVO/src/SERVO_program.o
 .debug_ranges  0x000001f0       0x10 main.o
 .debug_ranges  0x00000200       0x18 MCAL/ADC/src/ADC_program.o
 .debug_ranges  0x00000218       0x30 MCAL/DIO/src/DIO_program.o
 .debug_ranges  0x00000248       0x18 MCAL/GI/src/GI_program.o
 .debug_ranges  0x00000260       0x28 MCAL/PWM/src/PWM_program.o
 .debug_ranges  0x00000288       0x48 MCAL/TMR0/src/TMR0_program.o
 .debug_ranges  0x000002d0       0x50 MCAL/TWI/src/TWI_program.o
 .debug_ranges  0x00000320       0x48 MCAL/UART/src/UART_program.o

.debug_macro
 *(.debug_macro)
OUTPUT(Smart_Home.elf elf32-avr)
LOAD linker stubs
